MPLINK 5.00, LINKER
Linker Map File - Created Thu Feb 20 05:01:18 2020

                                 Section Info
                  Section       Type    Address   Location Size(Bytes)
                ---------  ---------  ---------  ---------  ---------
               _entry_scn       code   0x000000    program   0x000006
                   .cinit    romdata   0x000006    program   0x00000e
              const_table    romdata   0x000014    program   0x000a20
         .code_vfprintf.o       code   0x000a34    program   0x000816
     .code_SSD1306_OLED.o       code   0x00124a    program   0x00026a
             .code_Main.o       code   0x0014b4    program   0x0001f6
                     PROG       code   0x0016aa    program   0x000146
.romdata_Microchip_logo_img.o    romdata   0x0017f0    program   0x000100
               _cinit_scn       code   0x0018f0    program   0x00009e
              .code_I2C.o       code   0x00198e    program   0x000090
          .code_sprintf.o       code   0x001a1e    program   0x000072
                   STRING       code   0x001a90    program   0x000066
             .code_putc.o       code   0x001af6    program   0x000066
            .code_delay.o       code   0x001b5c    program   0x000040
                    CTYPE       code   0x001b9c    program   0x000024
                    .code       code   0x001bc0    program   0x000020
                    STDIO       code   0x001be0    program   0x00001c
             _startup_scn       code   0x001bfc    program   0x00001a
             .stringtable    romdata   0x001c16    program   0x000012
      .romdata_vfprintf.o    romdata   0x001c28    program   0x000011
    .romdata__user_putc.o    romdata   0x001c39    program   0x000000
      .idata_vfprintf.o_i    romdata   0x001c39    program   0x000000
          .idata_putc.o_i    romdata   0x001c39    program   0x000000
       .romdata_sprintf.o    romdata   0x001c39    program   0x000000
          .romdata_putc.o    romdata   0x001c39    program   0x000000
       .idata_sprintf.o_i    romdata   0x001c39    program   0x000000
        .romdata___init.o    romdata   0x001c39    program   0x000000
        .idata___init.o_i    romdata   0x001c39    program   0x000000
    .idata__user_putc.o_i    romdata   0x001c39    program   0x000000
       .idata_c018i_e.o_i    romdata   0x001c39    program   0x000000
       .romdata_c018i_e.o    romdata   0x001c39    program   0x000000
          .romdata_Main.o    romdata   0x001c39    program   0x000000
           .idata_I2C.o_i    romdata   0x001c39    program   0x000000
           .romdata_I2C.o    romdata   0x001c39    program   0x000000
  .idata_SSD1306_OLED.o_i    romdata   0x001c39    program   0x000000
  .romdata_SSD1306_OLED.o    romdata   0x001c39    program   0x000000
     .idata_Terminal6.o_i    romdata   0x001c39    program   0x000000
     .romdata_Terminal6.o    romdata   0x001c39    program   0x000000
         .idata_delay.o_i    romdata   0x001c39    program   0x000000
         .romdata_delay.o    romdata   0x001c39    program   0x000000
    .idata_Terminal12.o_i    romdata   0x001c39    program   0x000000
    .romdata_Terminal12.o    romdata   0x001c39    program   0x000000
.idata_Microchip_logo_img.o_i    romdata   0x001c39    program   0x000000
        .code_Terminal6.o       code   0x001c3a    program   0x000000
.code_Microchip_logo_img.o       code   0x001c3a    program   0x000000
          .code_c018i_e.o       code   0x001c3a    program   0x000000
       .code__user_putc.o       code   0x001c3a    program   0x000002
       .code_Terminal12.o       code   0x001c3a    program   0x000000
           .code___init.o       code   0x001c3c    program   0x000002
          .idata_Main.o_i    romdata   0x001c3e    program   0x000035
    .config_300000_Main.o    romdata   0x300000    program   0x000001
    .config_300001_Main.o    romdata   0x300001    program   0x000001
    .config_300003_Main.o    romdata   0x300003    program   0x000001
            .udata_Main.o      udata   0x000000       data   0x00000a
                 .tmpdata      udata   0x00000a       data   0x000007
                MATH_DATA      udata   0x000011       data   0x000004
                   .stack      udata   0x000c00       data   0x000100
            .idata_Main.o      idata   0x000e00       data   0x000035
         .udata_c018i_e.o      udata   0x000e35       data   0x00000a
             .udata_I2C.o      udata   0x000e3f       data   0x000000
      .idata__user_putc.o      idata   0x000e3f       data   0x000000
      .udata__user_putc.o      udata   0x000e3f       data   0x000000
            .idata_putc.o      idata   0x000e3f       data   0x000000
            .udata_putc.o      udata   0x000e3f       data   0x000000
         .idata_c018i_e.o      idata   0x000e3f       data   0x000000
        .idata_vfprintf.o      idata   0x000e3f       data   0x000000
        .udata_vfprintf.o      udata   0x000e3f       data   0x000000
         .idata_sprintf.o      idata   0x000e3f       data   0x000000
         .udata_sprintf.o      udata   0x000e3f       data   0x000000
          .idata___init.o      idata   0x000e3f       data   0x000000
          .udata___init.o      udata   0x000e3f       data   0x000000
.idata_Microchip_logo_img.o      idata   0x000e3f       data   0x000000
.udata_Microchip_logo_img.o      udata   0x000e3f       data   0x000000
      .idata_Terminal12.o      idata   0x000e3f       data   0x000000
      .udata_Terminal12.o      udata   0x000e3f       data   0x000000
           .idata_delay.o      idata   0x000e3f       data   0x000000
           .udata_delay.o      udata   0x000e3f       data   0x000000
       .idata_Terminal6.o      idata   0x000e3f       data   0x000000
       .udata_Terminal6.o      udata   0x000e3f       data   0x000000
    .idata_SSD1306_OLED.o      idata   0x000e3f       data   0x000000
    .udata_SSD1306_OLED.o      udata   0x000e3f       data   0x000000
             .idata_I2C.o      idata   0x000e3f       data   0x000000
              SFR_BANKED0      udata   0x000e41       data   0x0000bf
              SFR_BANKED1      udata   0x000f00       data   0x000040
              SFR_BANKED2      udata   0x000f46       data   0x00001a
            SFR_UNBANKED0      udata   0x000f60       data   0x0000a0



                              Program Memory Usage 
                               Start         End      
                           ---------   ---------      
                            0x000000    0x001c38      
                            0x001c3a    0x001c72      
                            0x300000    0x300001      
                            0x300003    0x300003      
            7285 out of 33816 program addresses used, program memory utilization is 21%



                              Symbols - Sorted by Name
                     Name    Address   Location    Storage File                     
                ---------  ---------  ---------  --------- ---------                
       OLEDWriteCharacter   0x0012d0    program     extern C:\Users\Jason\Desktop\SSD1306_Test\SSD1306_OLED.c
             OLEDWriteCmd   0x00139a    program     extern C:\Users\Jason\Desktop\SSD1306_Test\SSD1306_OLED.c
            OLEDWriteCmd1   0x0013a6    program     extern C:\Users\Jason\Desktop\SSD1306_Test\SSD1306_OLED.c
            OLEDWriteData   0x00138e    program     extern C:\Users\Jason\Desktop\SSD1306_Test\SSD1306_OLED.c
  OLEDWriteLargeCharacter   0x001322    program     extern C:\Users\Jason\Desktop\SSD1306_Test\SSD1306_OLED.c
     OLEDWriteLargeString   0x00136e    program     extern C:\Users\Jason\Desktop\SSD1306_Test\SSD1306_OLED.c
          OLEDWriteString   0x00130e    program     extern C:\Users\Jason\Desktop\SSD1306_Test\SSD1306_OLED.c
                  RESTORE   0x001740    program     static E:\3.46\pic18-lt\cxx-framework\src\extended\math\div32u.asm
              RETQUOTIENT   0x001730    program     static E:\3.46\pic18-lt\cxx-framework\src\extended\math\div32u.asm
                 SETUPSTK   0x0016aa    program     static E:\3.46\pic18-lt\cxx-framework\src\extended\math\div32u.asm
            Terminal11x16   0x0001f4    program     extern C:\Users\Jason\Desktop\SSD1306_Test\Terminal12.c
              Terminal6x8   0x000014    program     extern C:\Users\Jason\Desktop\SSD1306_Test\Terminal6.c
                   _2jEnd   0x001ae0    program     static E:\3.46\pic18-lt\cxx-framework\src\extended\stdclib\slenpgm.asm
          ___for_lbl00001   0x001b80    program     static                          
          ___for_lbl00002   0x001b94    program     static                          
          ___for_lbl00003   0x001b7c    program     static                          
          ___for_lbl00004   0x001b80    program     static                          
          ___for_lbl00005   0x001b74    program     static                          
          ___for_lbl00006   0x001b68    program     static                          
       ___return_lbl00000   0x000004    program     static                          
       ___return_lbl00000   0x001b94    program     static                          
       ___return_lbl00001   0x001c14    program     static                          
       ___return_lbl00002   0x00198c    program     static                          
               __config_0   0x300000    program     static C:\Users\Jason\Desktop\SSD1306_Test\Main.c
               __config_1   0x300001    program     static C:\Users\Jason\Desktop\SSD1306_Test\Main.c
               __config_2   0x300003    program     static C:\Users\Jason\Desktop\SSD1306_Test\Main.c
                 __div32u   0x0016c2    program     extern E:\3.46\pic18-lt\cxx-framework\src\extended\math\div32u.asm
                   __init   0x001c3c    program     extern E:\3.46\pic18-lt\cxx-framework\src\extended\stdclib\__init.c
                 __mod32u   0x0016c8    program     extern E:\3.46\pic18-lt\cxx-framework\src\extended\math\div32u.asm
                  __mul32   0x00174e    program     extern E:\3.46\pic18-lt\cxx-framework\src\extended\math\mul32.asm
                   __pa_0   0x001648    program     static C:\Users\Jason\Desktop\SSD1306_Test\Main.c
                   __pa_0   0x0013e6    program     static C:\Users\Jason\Desktop\SSD1306_Test\SSD1306_OLED.c
                   __pa_0   0x001a0a    program     static C:\Users\Jason\Desktop\SSD1306_Test\I2C.c
                   __pa_0   0x0010f6    program     static E:\3.46\pic18-lt\cxx-framework\src\extended\stdclib\vfprintf.c
                   __pa_1   0x001660    program     static C:\Users\Jason\Desktop\SSD1306_Test\Main.c
                   __pa_1   0x0013f4    program     static C:\Users\Jason\Desktop\SSD1306_Test\SSD1306_OLED.c
                   __pa_1   0x001104    program     static E:\3.46\pic18-lt\cxx-framework\src\extended\stdclib\vfprintf.c
                   __pa_1   0x001a16    program     static C:\Users\Jason\Desktop\SSD1306_Test\I2C.c
                  __pa_10   0x001462    program     static C:\Users\Jason\Desktop\SSD1306_Test\SSD1306_OLED.c
                  __pa_10   0x001192    program     static E:\3.46\pic18-lt\cxx-framework\src\extended\stdclib\vfprintf.c
                  __pa_11   0x0011a2    program     static E:\3.46\pic18-lt\cxx-framework\src\extended\stdclib\vfprintf.c
                  __pa_11   0x00146e    program     static C:\Users\Jason\Desktop\SSD1306_Test\SSD1306_OLED.c
                  __pa_12   0x0011b2    program     static E:\3.46\pic18-lt\cxx-framework\src\extended\stdclib\vfprintf.c
                  __pa_12   0x001474    program     static C:\Users\Jason\Desktop\SSD1306_Test\SSD1306_OLED.c
                  __pa_13   0x0011c0    program     static E:\3.46\pic18-lt\cxx-framework\src\extended\stdclib\vfprintf.c
                  __pa_13   0x001486    program     static C:\Users\Jason\Desktop\SSD1306_Test\SSD1306_OLED.c
                  __pa_14   0x0011de    program     static E:\3.46\pic18-lt\cxx-framework\src\extended\stdclib\vfprintf.c
                  __pa_14   0x00148e    program     static C:\Users\Jason\Desktop\SSD1306_Test\SSD1306_OLED.c
                  __pa_15   0x0011e8    program     static E:\3.46\pic18-lt\cxx-framework\src\extended\stdclib\vfprintf.c
                  __pa_15   0x001498    program     static C:\Users\Jason\Desktop\SSD1306_Test\SSD1306_OLED.c
                  __pa_16   0x0011ee    program     static E:\3.46\pic18-lt\cxx-framework\src\extended\stdclib\vfprintf.c
                  __pa_16   0x0014a2    program     static C:\Users\Jason\Desktop\SSD1306_Test\SSD1306_OLED.c
                  __pa_17   0x0011fe    program     static E:\3.46\pic18-lt\cxx-framework\src\extended\stdclib\vfprintf.c
                  __pa_17   0x0014ac    program     static C:\Users\Jason\Desktop\SSD1306_Test\SSD1306_OLED.c
                  __pa_18   0x00120a    program     static E:\3.46\pic18-lt\cxx-framework\src\extended\stdclib\vfprintf.c
                  __pa_19   0x001218    program     static E:\3.46\pic18-lt\cxx-framework\src\extended\stdclib\vfprintf.c
                   __pa_2   0x001114    program     static E:\3.46\pic18-lt\cxx-framework\src\extended\stdclib\vfprintf.c
                   __pa_2   0x00166c    program     static C:\Users\Jason\Desktop\SSD1306_Test\Main.c
                   __pa_2   0x001402    program     static C:\Users\Jason\Desktop\SSD1306_Test\SSD1306_OLED.c
                  __pa_20   0x001222    program     static E:\3.46\pic18-lt\cxx-framework\src\extended\stdclib\vfprintf.c
                  __pa_21   0x00122c    program     static E:\3.46\pic18-lt\cxx-framework\src\extended\stdclib\vfprintf.c
                  __pa_22   0x001236    program     static E:\3.46\pic18-lt\cxx-framework\src\extended\stdclib\vfprintf.c
                  __pa_23   0x001244    program     static E:\3.46\pic18-lt\cxx-framework\src\extended\stdclib\vfprintf.c
                   __pa_3   0x00140a    program     static C:\Users\Jason\Desktop\SSD1306_Test\SSD1306_OLED.c
                   __pa_3   0x001688    program     static C:\Users\Jason\Desktop\SSD1306_Test\Main.c
                   __pa_3   0x001120    program     static E:\3.46\pic18-lt\cxx-framework\src\extended\stdclib\vfprintf.c
                   __pa_4   0x001414    program     static C:\Users\Jason\Desktop\SSD1306_Test\SSD1306_OLED.c
                   __pa_4   0x001692    program     static C:\Users\Jason\Desktop\SSD1306_Test\Main.c
                   __pa_4   0x001134    program     static E:\3.46\pic18-lt\cxx-framework\src\extended\stdclib\vfprintf.c
                   __pa_5   0x001426    program     static C:\Users\Jason\Desktop\SSD1306_Test\SSD1306_OLED.c
                   __pa_5   0x00169e    program     static C:\Users\Jason\Desktop\SSD1306_Test\Main.c
                   __pa_5   0x001146    program     static E:\3.46\pic18-lt\cxx-framework\src\extended\stdclib\vfprintf.c
                   __pa_6   0x001438    program     static C:\Users\Jason\Desktop\SSD1306_Test\SSD1306_OLED.c
                   __pa_6   0x001156    program     static E:\3.46\pic18-lt\cxx-framework\src\extended\stdclib\vfprintf.c
                   __pa_7   0x001440    program     static C:\Users\Jason\Desktop\SSD1306_Test\SSD1306_OLED.c
                   __pa_7   0x001168    program     static E:\3.46\pic18-lt\cxx-framework\src\extended\stdclib\vfprintf.c
                   __pa_8   0x00144e    program     static C:\Users\Jason\Desktop\SSD1306_Test\SSD1306_OLED.c
                   __pa_8   0x001174    program     static E:\3.46\pic18-lt\cxx-framework\src\extended\stdclib\vfprintf.c
                   __pa_9   0x00145c    program     static C:\Users\Jason\Desktop\SSD1306_Test\SSD1306_OLED.c
                   __pa_9   0x001186    program     static E:\3.46\pic18-lt\cxx-framework\src\extended\stdclib\vfprintf.c
              __string_10   0x001c19    program     static C:\Users\Jason\Desktop\SSD1306_Test\Main.c
              __string_11   0x001c16    program     static C:\Users\Jason\Desktop\SSD1306_Test\Main.c
               __string_8   0x001c22    program     static C:\Users\Jason\Desktop\SSD1306_Test\Main.c
               __string_9   0x001c1d    program     static C:\Users\Jason\Desktop\SSD1306_Test\Main.c
            __zero_memory   0x001bc0    program     extern E:\3.46\pic18-lt\cxx-framework\src\extended\proc\p18f45k80.asm
                _do_cinit   0x0018f0    program     extern E:\3.46\pic18-lt\cxx-framework\src\extended\startup\c018i_e.c
            _early32uexit   0x0016cc    program     extern E:\3.46\pic18-lt\cxx-framework\src\extended\math\div32u.asm
                   _entry   0x000000    program     extern E:\3.46\pic18-lt\cxx-framework\src\extended\startup\c018i_e.c
                   _false   0x001710    program     static E:\3.46\pic18-lt\cxx-framework\src\extended\math\div32u.asm
                 _startup   0x001bfc    program     extern E:\3.46\pic18-lt\cxx-framework\src\extended\startup\c018i_e.c
              _usart_putc   0x001be0    program     extern E:\3.46\pic18-lt\cxx-framework\src\pmc_common\USART\_usartpc.asm
               _user_putc   0x001c3a    program     extern E:\3.46\pic18-lt\cxx-framework\src\extended\stdclib\_user_putc.c
                clearOLED   0x0013ae    program     extern C:\Users\Jason\Desktop\SSD1306_Test\SSD1306_OLED.c
                compare_l   0x001bd6    program     static E:\3.46\pic18-lt\cxx-framework\src\extended\proc\p18f45k80.asm
                copy_loop   0x001962    program     static                          
            copy_one_byte   0x001968    program     static                          
                    delay   0x001b5c    program     extern C:\Users\Jason\Desktop\SSD1306_Test\delay.c
        displayPercentage   0x0014b4    program     extern C:\Users\Jason\Desktop\SSD1306_Test\Main.c
                divmod32u   0x0016ce    program     static E:\3.46\pic18-lt\cxx-framework\src\extended\math\div32u.asm
                     done   0x00198c    program     static                          
             done_copying   0x001976    program     static                          
                 i2c_idle   0x0019a0    program     extern C:\Users\Jason\Desktop\SSD1306_Test\I2C.c
                 i2c_init   0x00198e    program     extern C:\Users\Jason\Desktop\SSD1306_Test\I2C.c
           i2c_master_ack   0x0019ea    program     extern C:\Users\Jason\Desktop\SSD1306_Test\I2C.c
                 i2c_read   0x0019fe    program     extern C:\Users\Jason\Desktop\SSD1306_Test\I2C.c
            i2c_slave_ack   0x0019ce    program     extern C:\Users\Jason\Desktop\SSD1306_Test\I2C.c
                i2c_start   0x0019ae    program     extern C:\Users\Jason\Desktop\SSD1306_Test\I2C.c
                 i2c_stop   0x0019c6    program     extern C:\Users\Jason\Desktop\SSD1306_Test\I2C.c
                i2c_write   0x0019d8    program     extern C:\Users\Jason\Desktop\SSD1306_Test\I2C.c
          image_data_OLED   0x0017f0    program     extern C:\Users\Jason\Desktop\SSD1306_Test\Microchip_logo_img.c
                 initOLED   0x00124a    program     extern C:\Users\Jason\Desktop\SSD1306_Test\SSD1306_OLED.c
                  isdigit   0x001b9c    program     extern E:\3.46\pic18-lt\cxx-framework\src\extended\stdclib\isdigit.asm
                     jEnd   0x001aaa    program     static E:\3.46\pic18-lt\cxx-framework\src\extended\stdclib\strlen.asm
                     jEnd   0x001ae2    program     static E:\3.46\pic18-lt\cxx-framework\src\extended\stdclib\slenpgm.asm
                    jLoop   0x001aca    program     static E:\3.46\pic18-lt\cxx-framework\src\extended\stdclib\slenpgm.asm
                    jLoop   0x001aa0    program     static E:\3.46\pic18-lt\cxx-framework\src\extended\stdclib\strlen.asm
                   jMatch   0x001bbc    program     static E:\3.46\pic18-lt\cxx-framework\src\extended\stdclib\isdigit.asm
                 jNoMatch   0x001bbe    program     static E:\3.46\pic18-lt\cxx-framework\src\extended\stdclib\isdigit.asm
                     loop   0x0016dc    program     static E:\3.46\pic18-lt\cxx-framework\src\extended\math\div32u.asm
                     loop   0x001bf0    program     static E:\3.46\pic18-lt\cxx-framework\src\pmc_common\USART\_usartpc.asm
                     loop   0x001c0a    program     static                          
                   loop_h   0x001bce    program     static E:\3.46\pic18-lt\cxx-framework\src\extended\proc\p18f45k80.asm
                   loop_l   0x001bd8    program     static E:\3.46\pic18-lt\cxx-framework\src\extended\proc\p18f45k80.asm
                     main   0x001510    program     extern C:\Users\Jason\Desktop\SSD1306_Test\Main.c
                     putc   0x001af6    program     extern E:\3.46\pic18-lt\cxx-framework\src\extended\stdclib\putc.c
                 s_digits   0x001c28    program     static E:\3.46\pic18-lt\cxx-framework\src\extended\stdclib\vfprintf.c
            s_put_n_chars   0x000a34    program     static E:\3.46\pic18-lt\cxx-framework\src\extended\stdclib\vfprintf.c
                setCursor   0x0012ac    program     extern C:\Users\Jason\Desktop\SSD1306_Test\SSD1306_OLED.c
                  sprintf   0x001a1e    program     extern E:\3.46\pic18-lt\cxx-framework\src\extended\stdclib\sprintf.c
                   strlen   0x001a90    program     extern E:\3.46\pic18-lt\cxx-framework\src\extended\stdclib\strlen.asm
                strlenpgm   0x001aac    program     extern E:\3.46\pic18-lt\cxx-framework\src\extended\stdclib\slenpgm.asm
                     test   0x00190a    program     static                          
                 vfprintf   0x000a66    program     extern E:\3.46\pic18-lt\cxx-framework\src\extended\stdclib\vfprintf.c
               zero_block   0x001bce    program     static E:\3.46\pic18-lt\cxx-framework\src\extended\proc\p18f45k80.asm
                   ADCON0   0x000fc2       data     extern E:\3.46\pic18-lt\cxx-framework\src\extended\proc\p18f45k80.asm
               ADCON0bits   0x000fc2       data     extern E:\3.46\pic18-lt\cxx-framework\src\extended\proc\p18f45k80.asm
                   ADCON1   0x000fc1       data     extern E:\3.46\pic18-lt\cxx-framework\src\extended\proc\p18f45k80.asm
               ADCON1bits   0x000fc1       data     extern E:\3.46\pic18-lt\cxx-framework\src\extended\proc\p18f45k80.asm
                   ADCON2   0x000fc0       data     extern E:\3.46\pic18-lt\cxx-framework\src\extended\proc\p18f45k80.asm
               ADCON2bits   0x000fc0       data     extern E:\3.46\pic18-lt\cxx-framework\src\extended\proc\p18f45k80.asm
                    ADRES   0x000fc3       data     extern E:\3.46\pic18-lt\cxx-framework\src\extended\proc\p18f45k80.asm
                   ADRESH   0x000fc4       data     extern E:\3.46\pic18-lt\cxx-framework\src\extended\proc\p18f45k80.asm
                   ADRESL   0x000fc3       data     extern E:\3.46\pic18-lt\cxx-framework\src\extended\proc\p18f45k80.asm
                   ANCON0   0x000f5d       data     extern E:\3.46\pic18-lt\cxx-framework\src\extended\proc\p18f45k80.asm
               ANCON0bits   0x000f5d       data     extern E:\3.46\pic18-lt\cxx-framework\src\extended\proc\p18f45k80.asm
                   ANCON1   0x000f5c       data     extern E:\3.46\pic18-lt\cxx-framework\src\extended\proc\p18f45k80.asm
               ANCON1bits   0x000f5c       data     extern E:\3.46\pic18-lt\cxx-framework\src\extended\proc\p18f45k80.asm
                    B0CON   0x000e80       data     extern E:\3.46\pic18-lt\cxx-framework\src\extended\proc\p18f45k80.asm
                B0CONbits   0x000e80       data     extern E:\3.46\pic18-lt\cxx-framework\src\extended\proc\p18f45k80.asm
                     B0D0   0x000e86       data     extern E:\3.46\pic18-lt\cxx-framework\src\extended\proc\p18f45k80.asm
                 B0D0bits   0x000e86       data     extern E:\3.46\pic18-lt\cxx-framework\src\extended\proc\p18f45k80.asm
                     B0D1   0x000e87       data     extern E:\3.46\pic18-lt\cxx-framework\src\extended\proc\p18f45k80.asm
                 B0D1bits   0x000e87       data     extern E:\3.46\pic18-lt\cxx-framework\src\extended\proc\p18f45k80.asm
                     B0D2   0x000e88       data     extern E:\3.46\pic18-lt\cxx-framework\src\extended\proc\p18f45k80.asm
                 B0D2bits   0x000e88       data     extern E:\3.46\pic18-lt\cxx-framework\src\extended\proc\p18f45k80.asm
                     B0D3   0x000e89       data     extern E:\3.46\pic18-lt\cxx-framework\src\extended\proc\p18f45k80.asm
                 B0D3bits   0x000e89       data     extern E:\3.46\pic18-lt\cxx-framework\src\extended\proc\p18f45k80.asm
                     B0D4   0x000e8a       data     extern E:\3.46\pic18-lt\cxx-framework\src\extended\proc\p18f45k80.asm
                 B0D4bits   0x000e8a       data     extern E:\3.46\pic18-lt\cxx-framework\src\extended\proc\p18f45k80.asm
                     B0D5   0x000e8b       data     extern E:\3.46\pic18-lt\cxx-framework\src\extended\proc\p18f45k80.asm
                 B0D5bits   0x000e8b       data     extern E:\3.46\pic18-lt\cxx-framework\src\extended\proc\p18f45k80.asm
                     B0D6   0x000e8c       data     extern E:\3.46\pic18-lt\cxx-framework\src\extended\proc\p18f45k80.asm
                 B0D6bits   0x000e8c       data     extern E:\3.46\pic18-lt\cxx-framework\src\extended\proc\p18f45k80.asm
                     B0D7   0x000e8d       data     extern E:\3.46\pic18-lt\cxx-framework\src\extended\proc\p18f45k80.asm
                 B0D7bits   0x000e8d       data     extern E:\3.46\pic18-lt\cxx-framework\src\extended\proc\p18f45k80.asm
                    B0DLC   0x000e85       data     extern E:\3.46\pic18-lt\cxx-framework\src\extended\proc\p18f45k80.asm
                B0DLCbits   0x000e85       data     extern E:\3.46\pic18-lt\cxx-framework\src\extended\proc\p18f45k80.asm
                   B0EIDH   0x000e83       data     extern E:\3.46\pic18-lt\cxx-framework\src\extended\proc\p18f45k80.asm
               B0EIDHbits   0x000e83       data     extern E:\3.46\pic18-lt\cxx-framework\src\extended\proc\p18f45k80.asm
                   B0EIDL   0x000e84       data     extern E:\3.46\pic18-lt\cxx-framework\src\extended\proc\p18f45k80.asm
               B0EIDLbits   0x000e84       data     extern E:\3.46\pic18-lt\cxx-framework\src\extended\proc\p18f45k80.asm
                   B0SIDH   0x000e81       data     extern E:\3.46\pic18-lt\cxx-framework\src\extended\proc\p18f45k80.asm
               B0SIDHbits   0x000e81       data     extern E:\3.46\pic18-lt\cxx-framework\src\extended\proc\p18f45k80.asm
                   B0SIDL   0x000e82       data     extern E:\3.46\pic18-lt\cxx-framework\src\extended\proc\p18f45k80.asm
               B0SIDLbits   0x000e82       data     extern E:\3.46\pic18-lt\cxx-framework\src\extended\proc\p18f45k80.asm
                    B1CON   0x000e90       data     extern E:\3.46\pic18-lt\cxx-framework\src\extended\proc\p18f45k80.asm
                B1CONbits   0x000e90       data     extern E:\3.46\pic18-lt\cxx-framework\src\extended\proc\p18f45k80.asm
                     B1D0   0x000e96       data     extern E:\3.46\pic18-lt\cxx-framework\src\extended\proc\p18f45k80.asm
                 B1D0bits   0x000e96       data     extern E:\3.46\pic18-lt\cxx-framework\src\extended\proc\p18f45k80.asm
                     B1D1   0x000e97       data     extern E:\3.46\pic18-lt\cxx-framework\src\extended\proc\p18f45k80.asm
                 B1D1bits   0x000e97       data     extern E:\3.46\pic18-lt\cxx-framework\src\extended\proc\p18f45k80.asm
                     B1D2   0x000e98       data     extern E:\3.46\pic18-lt\cxx-framework\src\extended\proc\p18f45k80.asm
                 B1D2bits   0x000e98       data     extern E:\3.46\pic18-lt\cxx-framework\src\extended\proc\p18f45k80.asm
                     B1D3   0x000e99       data     extern E:\3.46\pic18-lt\cxx-framework\src\extended\proc\p18f45k80.asm
                 B1D3bits   0x000e99       data     extern E:\3.46\pic18-lt\cxx-framework\src\extended\proc\p18f45k80.asm
                     B1D4   0x000e9a       data     extern E:\3.46\pic18-lt\cxx-framework\src\extended\proc\p18f45k80.asm
                 B1D4bits   0x000e9a       data     extern E:\3.46\pic18-lt\cxx-framework\src\extended\proc\p18f45k80.asm
                     B1D5   0x000e9b       data     extern E:\3.46\pic18-lt\cxx-framework\src\extended\proc\p18f45k80.asm
                 B1D5bits   0x000e9b       data     extern E:\3.46\pic18-lt\cxx-framework\src\extended\proc\p18f45k80.asm
                     B1D6   0x000e9c       data     extern E:\3.46\pic18-lt\cxx-framework\src\extended\proc\p18f45k80.asm
                 B1D6bits   0x000e9c       data     extern E:\3.46\pic18-lt\cxx-framework\src\extended\proc\p18f45k80.asm
                     B1D7   0x000e9d       data     extern E:\3.46\pic18-lt\cxx-framework\src\extended\proc\p18f45k80.asm
                 B1D7bits   0x000e9d       data     extern E:\3.46\pic18-lt\cxx-framework\src\extended\proc\p18f45k80.asm
                    B1DLC   0x000e95       data     extern E:\3.46\pic18-lt\cxx-framework\src\extended\proc\p18f45k80.asm
                B1DLCbits   0x000e95       data     extern E:\3.46\pic18-lt\cxx-framework\src\extended\proc\p18f45k80.asm
                   B1EIDH   0x000e93       data     extern E:\3.46\pic18-lt\cxx-framework\src\extended\proc\p18f45k80.asm
               B1EIDHbits   0x000e93       data     extern E:\3.46\pic18-lt\cxx-framework\src\extended\proc\p18f45k80.asm
                   B1EIDL   0x000e94       data     extern E:\3.46\pic18-lt\cxx-framework\src\extended\proc\p18f45k80.asm
               B1EIDLbits   0x000e94       data     extern E:\3.46\pic18-lt\cxx-framework\src\extended\proc\p18f45k80.asm
                   B1SIDH   0x000e91       data     extern E:\3.46\pic18-lt\cxx-framework\src\extended\proc\p18f45k80.asm
               B1SIDHbits   0x000e91       data     extern E:\3.46\pic18-lt\cxx-framework\src\extended\proc\p18f45k80.asm
                   B1SIDL   0x000e92       data     extern E:\3.46\pic18-lt\cxx-framework\src\extended\proc\p18f45k80.asm
               B1SIDLbits   0x000e92       data     extern E:\3.46\pic18-lt\cxx-framework\src\extended\proc\p18f45k80.asm
                    B2CON   0x000ea0       data     extern E:\3.46\pic18-lt\cxx-framework\src\extended\proc\p18f45k80.asm
                B2CONbits   0x000ea0       data     extern E:\3.46\pic18-lt\cxx-framework\src\extended\proc\p18f45k80.asm
                     B2D0   0x000ea6       data     extern E:\3.46\pic18-lt\cxx-framework\src\extended\proc\p18f45k80.asm
                 B2D0bits   0x000ea6       data     extern E:\3.46\pic18-lt\cxx-framework\src\extended\proc\p18f45k80.asm
                     B2D1   0x000ea7       data     extern E:\3.46\pic18-lt\cxx-framework\src\extended\proc\p18f45k80.asm
                 B2D1bits   0x000ea7       data     extern E:\3.46\pic18-lt\cxx-framework\src\extended\proc\p18f45k80.asm
                     B2D2   0x000ea8       data     extern E:\3.46\pic18-lt\cxx-framework\src\extended\proc\p18f45k80.asm
                 B2D2bits   0x000ea8       data     extern E:\3.46\pic18-lt\cxx-framework\src\extended\proc\p18f45k80.asm
                     B2D3   0x000ea9       data     extern E:\3.46\pic18-lt\cxx-framework\src\extended\proc\p18f45k80.asm
                 B2D3bits   0x000ea9       data     extern E:\3.46\pic18-lt\cxx-framework\src\extended\proc\p18f45k80.asm
                     B2D4   0x000eaa       data     extern E:\3.46\pic18-lt\cxx-framework\src\extended\proc\p18f45k80.asm
                 B2D4bits   0x000eaa       data     extern E:\3.46\pic18-lt\cxx-framework\src\extended\proc\p18f45k80.asm
                     B2D5   0x000eab       data     extern E:\3.46\pic18-lt\cxx-framework\src\extended\proc\p18f45k80.asm
                 B2D5bits   0x000eab       data     extern E:\3.46\pic18-lt\cxx-framework\src\extended\proc\p18f45k80.asm
                     B2D6   0x000eac       data     extern E:\3.46\pic18-lt\cxx-framework\src\extended\proc\p18f45k80.asm
                 B2D6bits   0x000eac       data     extern E:\3.46\pic18-lt\cxx-framework\src\extended\proc\p18f45k80.asm
                     B2D7   0x000ead       data     extern E:\3.46\pic18-lt\cxx-framework\src\extended\proc\p18f45k80.asm
                 B2D7bits   0x000ead       data     extern E:\3.46\pic18-lt\cxx-framework\src\extended\proc\p18f45k80.asm
                    B2DLC   0x000ea5       data     extern E:\3.46\pic18-lt\cxx-framework\src\extended\proc\p18f45k80.asm
                B2DLCbits   0x000ea5       data     extern E:\3.46\pic18-lt\cxx-framework\src\extended\proc\p18f45k80.asm
                   B2EIDH   0x000ea3       data     extern E:\3.46\pic18-lt\cxx-framework\src\extended\proc\p18f45k80.asm
               B2EIDHbits   0x000ea3       data     extern E:\3.46\pic18-lt\cxx-framework\src\extended\proc\p18f45k80.asm
                   B2EIDL   0x000ea4       data     extern E:\3.46\pic18-lt\cxx-framework\src\extended\proc\p18f45k80.asm
               B2EIDLbits   0x000ea4       data     extern E:\3.46\pic18-lt\cxx-framework\src\extended\proc\p18f45k80.asm
                   B2SIDH   0x000ea1       data     extern E:\3.46\pic18-lt\cxx-framework\src\extended\proc\p18f45k80.asm
               B2SIDHbits   0x000ea1       data     extern E:\3.46\pic18-lt\cxx-framework\src\extended\proc\p18f45k80.asm
                   B2SIDL   0x000ea2       data     extern E:\3.46\pic18-lt\cxx-framework\src\extended\proc\p18f45k80.asm
               B2SIDLbits   0x000ea2       data     extern E:\3.46\pic18-lt\cxx-framework\src\extended\proc\p18f45k80.asm
                    B3CON   0x000eb0       data     extern E:\3.46\pic18-lt\cxx-framework\src\extended\proc\p18f45k80.asm
                B3CONbits   0x000eb0       data     extern E:\3.46\pic18-lt\cxx-framework\src\extended\proc\p18f45k80.asm
                     B3D0   0x000eb6       data     extern E:\3.46\pic18-lt\cxx-framework\src\extended\proc\p18f45k80.asm
                 B3D0bits   0x000eb6       data     extern E:\3.46\pic18-lt\cxx-framework\src\extended\proc\p18f45k80.asm
                     B3D1   0x000eb7       data     extern E:\3.46\pic18-lt\cxx-framework\src\extended\proc\p18f45k80.asm
                 B3D1bits   0x000eb7       data     extern E:\3.46\pic18-lt\cxx-framework\src\extended\proc\p18f45k80.asm
                     B3D2   0x000eb8       data     extern E:\3.46\pic18-lt\cxx-framework\src\extended\proc\p18f45k80.asm
                 B3D2bits   0x000eb8       data     extern E:\3.46\pic18-lt\cxx-framework\src\extended\proc\p18f45k80.asm
                     B3D3   0x000eb9       data     extern E:\3.46\pic18-lt\cxx-framework\src\extended\proc\p18f45k80.asm
                 B3D3bits   0x000eb9       data     extern E:\3.46\pic18-lt\cxx-framework\src\extended\proc\p18f45k80.asm
                     B3D4   0x000eba       data     extern E:\3.46\pic18-lt\cxx-framework\src\extended\proc\p18f45k80.asm
                 B3D4bits   0x000eba       data     extern E:\3.46\pic18-lt\cxx-framework\src\extended\proc\p18f45k80.asm
                     B3D5   0x000ebb       data     extern E:\3.46\pic18-lt\cxx-framework\src\extended\proc\p18f45k80.asm
                 B3D5bits   0x000ebb       data     extern E:\3.46\pic18-lt\cxx-framework\src\extended\proc\p18f45k80.asm
                     B3D6   0x000ebc       data     extern E:\3.46\pic18-lt\cxx-framework\src\extended\proc\p18f45k80.asm
                 B3D6bits   0x000ebc       data     extern E:\3.46\pic18-lt\cxx-framework\src\extended\proc\p18f45k80.asm
                     B3D7   0x000ebd       data     extern E:\3.46\pic18-lt\cxx-framework\src\extended\proc\p18f45k80.asm
                 B3D7bits   0x000ebd       data     extern E:\3.46\pic18-lt\cxx-framework\src\extended\proc\p18f45k80.asm
                    B3DLC   0x000eb5       data     extern E:\3.46\pic18-lt\cxx-framework\src\extended\proc\p18f45k80.asm
                B3DLCbits   0x000eb5       data     extern E:\3.46\pic18-lt\cxx-framework\src\extended\proc\p18f45k80.asm
                   B3EIDH   0x000eb3       data     extern E:\3.46\pic18-lt\cxx-framework\src\extended\proc\p18f45k80.asm
               B3EIDHbits   0x000eb3       data     extern E:\3.46\pic18-lt\cxx-framework\src\extended\proc\p18f45k80.asm
                   B3EIDL   0x000eb4       data     extern E:\3.46\pic18-lt\cxx-framework\src\extended\proc\p18f45k80.asm
               B3EIDLbits   0x000eb4       data     extern E:\3.46\pic18-lt\cxx-framework\src\extended\proc\p18f45k80.asm
                   B3SIDH   0x000eb1       data     extern E:\3.46\pic18-lt\cxx-framework\src\extended\proc\p18f45k80.asm
               B3SIDHbits   0x000eb1       data     extern E:\3.46\pic18-lt\cxx-framework\src\extended\proc\p18f45k80.asm
                   B3SIDL   0x000eb2       data     extern E:\3.46\pic18-lt\cxx-framework\src\extended\proc\p18f45k80.asm
               B3SIDLbits   0x000eb2       data     extern E:\3.46\pic18-lt\cxx-framework\src\extended\proc\p18f45k80.asm
                    B4CON   0x000ec0       data     extern E:\3.46\pic18-lt\cxx-framework\src\extended\proc\p18f45k80.asm
                B4CONbits   0x000ec0       data     extern E:\3.46\pic18-lt\cxx-framework\src\extended\proc\p18f45k80.asm
                     B4D0   0x000ec6       data     extern E:\3.46\pic18-lt\cxx-framework\src\extended\proc\p18f45k80.asm
                 B4D0bits   0x000ec6       data     extern E:\3.46\pic18-lt\cxx-framework\src\extended\proc\p18f45k80.asm
                     B4D1   0x000ec7       data     extern E:\3.46\pic18-lt\cxx-framework\src\extended\proc\p18f45k80.asm
                 B4D1bits   0x000ec7       data     extern E:\3.46\pic18-lt\cxx-framework\src\extended\proc\p18f45k80.asm
                     B4D2   0x000ec8       data     extern E:\3.46\pic18-lt\cxx-framework\src\extended\proc\p18f45k80.asm
                 B4D2bits   0x000ec8       data     extern E:\3.46\pic18-lt\cxx-framework\src\extended\proc\p18f45k80.asm
                     B4D3   0x000ec9       data     extern E:\3.46\pic18-lt\cxx-framework\src\extended\proc\p18f45k80.asm
                 B4D3bits   0x000ec9       data     extern E:\3.46\pic18-lt\cxx-framework\src\extended\proc\p18f45k80.asm
                     B4D4   0x000eca       data     extern E:\3.46\pic18-lt\cxx-framework\src\extended\proc\p18f45k80.asm
                 B4D4bits   0x000eca       data     extern E:\3.46\pic18-lt\cxx-framework\src\extended\proc\p18f45k80.asm
                     B4D5   0x000ecb       data     extern E:\3.46\pic18-lt\cxx-framework\src\extended\proc\p18f45k80.asm
                 B4D5bits   0x000ecb       data     extern E:\3.46\pic18-lt\cxx-framework\src\extended\proc\p18f45k80.asm
                     B4D6   0x000ecc       data     extern E:\3.46\pic18-lt\cxx-framework\src\extended\proc\p18f45k80.asm
                 B4D6bits   0x000ecc       data     extern E:\3.46\pic18-lt\cxx-framework\src\extended\proc\p18f45k80.asm
                     B4D7   0x000ecd       data     extern E:\3.46\pic18-lt\cxx-framework\src\extended\proc\p18f45k80.asm
                 B4D7bits   0x000ecd       data     extern E:\3.46\pic18-lt\cxx-framework\src\extended\proc\p18f45k80.asm
                    B4DLC   0x000ec5       data     extern E:\3.46\pic18-lt\cxx-framework\src\extended\proc\p18f45k80.asm
                B4DLCbits   0x000ec5       data     extern E:\3.46\pic18-lt\cxx-framework\src\extended\proc\p18f45k80.asm
                   B4EIDH   0x000ec3       data     extern E:\3.46\pic18-lt\cxx-framework\src\extended\proc\p18f45k80.asm
               B4EIDHbits   0x000ec3       data     extern E:\3.46\pic18-lt\cxx-framework\src\extended\proc\p18f45k80.asm
                   B4EIDL   0x000ec4       data     extern E:\3.46\pic18-lt\cxx-framework\src\extended\proc\p18f45k80.asm
               B4EIDLbits   0x000ec4       data     extern E:\3.46\pic18-lt\cxx-framework\src\extended\proc\p18f45k80.asm
                   B4SIDH   0x000ec1       data     extern E:\3.46\pic18-lt\cxx-framework\src\extended\proc\p18f45k80.asm
               B4SIDHbits   0x000ec1       data     extern E:\3.46\pic18-lt\cxx-framework\src\extended\proc\p18f45k80.asm
                   B4SIDL   0x000ec2       data     extern E:\3.46\pic18-lt\cxx-framework\src\extended\proc\p18f45k80.asm
               B4SIDLbits   0x000ec2       data     extern E:\3.46\pic18-lt\cxx-framework\src\extended\proc\p18f45k80.asm
                    B5CON   0x000ed0       data     extern E:\3.46\pic18-lt\cxx-framework\src\extended\proc\p18f45k80.asm
                B5CONbits   0x000ed0       data     extern E:\3.46\pic18-lt\cxx-framework\src\extended\proc\p18f45k80.asm
                     B5D0   0x000ed6       data     extern E:\3.46\pic18-lt\cxx-framework\src\extended\proc\p18f45k80.asm
                 B5D0bits   0x000ed6       data     extern E:\3.46\pic18-lt\cxx-framework\src\extended\proc\p18f45k80.asm
                     B5D1   0x000ed7       data     extern E:\3.46\pic18-lt\cxx-framework\src\extended\proc\p18f45k80.asm
                 B5D1bits   0x000ed7       data     extern E:\3.46\pic18-lt\cxx-framework\src\extended\proc\p18f45k80.asm
                     B5D2   0x000ed8       data     extern E:\3.46\pic18-lt\cxx-framework\src\extended\proc\p18f45k80.asm
                 B5D2bits   0x000ed8       data     extern E:\3.46\pic18-lt\cxx-framework\src\extended\proc\p18f45k80.asm
                     B5D3   0x000ed9       data     extern E:\3.46\pic18-lt\cxx-framework\src\extended\proc\p18f45k80.asm
                 B5D3bits   0x000ed9       data     extern E:\3.46\pic18-lt\cxx-framework\src\extended\proc\p18f45k80.asm
                     B5D4   0x000eda       data     extern E:\3.46\pic18-lt\cxx-framework\src\extended\proc\p18f45k80.asm
                 B5D4bits   0x000eda       data     extern E:\3.46\pic18-lt\cxx-framework\src\extended\proc\p18f45k80.asm
                     B5D5   0x000edb       data     extern E:\3.46\pic18-lt\cxx-framework\src\extended\proc\p18f45k80.asm
                 B5D5bits   0x000edb       data     extern E:\3.46\pic18-lt\cxx-framework\src\extended\proc\p18f45k80.asm
                     B5D6   0x000edc       data     extern E:\3.46\pic18-lt\cxx-framework\src\extended\proc\p18f45k80.asm
                 B5D6bits   0x000edc       data     extern E:\3.46\pic18-lt\cxx-framework\src\extended\proc\p18f45k80.asm
                     B5D7   0x000edd       data     extern E:\3.46\pic18-lt\cxx-framework\src\extended\proc\p18f45k80.asm
                 B5D7bits   0x000edd       data     extern E:\3.46\pic18-lt\cxx-framework\src\extended\proc\p18f45k80.asm
                    B5DLC   0x000ed5       data     extern E:\3.46\pic18-lt\cxx-framework\src\extended\proc\p18f45k80.asm
                B5DLCbits   0x000ed5       data     extern E:\3.46\pic18-lt\cxx-framework\src\extended\proc\p18f45k80.asm
                   B5EIDH   0x000ed3       data     extern E:\3.46\pic18-lt\cxx-framework\src\extended\proc\p18f45k80.asm
               B5EIDHbits   0x000ed3       data     extern E:\3.46\pic18-lt\cxx-framework\src\extended\proc\p18f45k80.asm
                   B5EIDL   0x000ed4       data     extern E:\3.46\pic18-lt\cxx-framework\src\extended\proc\p18f45k80.asm
               B5EIDLbits   0x000ed4       data     extern E:\3.46\pic18-lt\cxx-framework\src\extended\proc\p18f45k80.asm
                   B5SIDH   0x000ed1       data     extern E:\3.46\pic18-lt\cxx-framework\src\extended\proc\p18f45k80.asm
               B5SIDHbits   0x000ed1       data     extern E:\3.46\pic18-lt\cxx-framework\src\extended\proc\p18f45k80.asm
                   B5SIDL   0x000ed2       data     extern E:\3.46\pic18-lt\cxx-framework\src\extended\proc\p18f45k80.asm
               B5SIDLbits   0x000ed2       data     extern E:\3.46\pic18-lt\cxx-framework\src\extended\proc\p18f45k80.asm
                 BAUDCON1   0x000fa7       data     extern E:\3.46\pic18-lt\cxx-framework\src\extended\proc\p18f45k80.asm
             BAUDCON1bits   0x000fa7       data     extern E:\3.46\pic18-lt\cxx-framework\src\extended\proc\p18f45k80.asm
                 BAUDCON2   0x000fb9       data     extern E:\3.46\pic18-lt\cxx-framework\src\extended\proc\p18f45k80.asm
             BAUDCON2bits   0x000fb9       data     extern E:\3.46\pic18-lt\cxx-framework\src\extended\proc\p18f45k80.asm
                     BIE0   0x000e7e       data     extern E:\3.46\pic18-lt\cxx-framework\src\extended\proc\p18f45k80.asm
                 BIE0bits   0x000e7e       data     extern E:\3.46\pic18-lt\cxx-framework\src\extended\proc\p18f45k80.asm
                  BRGCON1   0x000e43       data     extern E:\3.46\pic18-lt\cxx-framework\src\extended\proc\p18f45k80.asm
              BRGCON1bits   0x000e43       data     extern E:\3.46\pic18-lt\cxx-framework\src\extended\proc\p18f45k80.asm
                  BRGCON2   0x000e44       data     extern E:\3.46\pic18-lt\cxx-framework\src\extended\proc\p18f45k80.asm
              BRGCON2bits   0x000e44       data     extern E:\3.46\pic18-lt\cxx-framework\src\extended\proc\p18f45k80.asm
                  BRGCON3   0x000e45       data     extern E:\3.46\pic18-lt\cxx-framework\src\extended\proc\p18f45k80.asm
              BRGCON3bits   0x000e45       data     extern E:\3.46\pic18-lt\cxx-framework\src\extended\proc\p18f45k80.asm
                    BSEL0   0x000e7d       data     extern E:\3.46\pic18-lt\cxx-framework\src\extended\proc\p18f45k80.asm
                BSEL0bits   0x000e7d       data     extern E:\3.46\pic18-lt\cxx-framework\src\extended\proc\p18f45k80.asm
                      BSR   0x000fe0       data     extern E:\3.46\pic18-lt\cxx-framework\src\extended\proc\p18f45k80.asm
                  BSRbits   0x000fe0       data     extern E:\3.46\pic18-lt\cxx-framework\src\extended\proc\p18f45k80.asm
                   CANCON   0x000f6f       data     extern E:\3.46\pic18-lt\cxx-framework\src\extended\proc\p18f45k80.asm
               CANCON_RO0   0x000f3f       data     extern E:\3.46\pic18-lt\cxx-framework\src\extended\proc\p18f45k80.asm
           CANCON_RO0bits   0x000f3f       data     extern E:\3.46\pic18-lt\cxx-framework\src\extended\proc\p18f45k80.asm
               CANCON_RO1   0x000f2f       data     extern E:\3.46\pic18-lt\cxx-framework\src\extended\proc\p18f45k80.asm
           CANCON_RO1bits   0x000f2f       data     extern E:\3.46\pic18-lt\cxx-framework\src\extended\proc\p18f45k80.asm
               CANCON_RO2   0x000f1f       data     extern E:\3.46\pic18-lt\cxx-framework\src\extended\proc\p18f45k80.asm
           CANCON_RO2bits   0x000f1f       data     extern E:\3.46\pic18-lt\cxx-framework\src\extended\proc\p18f45k80.asm
               CANCON_RO3   0x000f0f       data     extern E:\3.46\pic18-lt\cxx-framework\src\extended\proc\p18f45k80.asm
           CANCON_RO3bits   0x000f0f       data     extern E:\3.46\pic18-lt\cxx-framework\src\extended\proc\p18f45k80.asm
               CANCON_RO4   0x000edf       data     extern E:\3.46\pic18-lt\cxx-framework\src\extended\proc\p18f45k80.asm
           CANCON_RO4bits   0x000edf       data     extern E:\3.46\pic18-lt\cxx-framework\src\extended\proc\p18f45k80.asm
               CANCON_RO5   0x000ecf       data     extern E:\3.46\pic18-lt\cxx-framework\src\extended\proc\p18f45k80.asm
           CANCON_RO5bits   0x000ecf       data     extern E:\3.46\pic18-lt\cxx-framework\src\extended\proc\p18f45k80.asm
               CANCON_RO6   0x000ebf       data     extern E:\3.46\pic18-lt\cxx-framework\src\extended\proc\p18f45k80.asm
           CANCON_RO6bits   0x000ebf       data     extern E:\3.46\pic18-lt\cxx-framework\src\extended\proc\p18f45k80.asm
               CANCON_RO7   0x000eaf       data     extern E:\3.46\pic18-lt\cxx-framework\src\extended\proc\p18f45k80.asm
           CANCON_RO7bits   0x000eaf       data     extern E:\3.46\pic18-lt\cxx-framework\src\extended\proc\p18f45k80.asm
               CANCON_RO8   0x000e9f       data     extern E:\3.46\pic18-lt\cxx-framework\src\extended\proc\p18f45k80.asm
           CANCON_RO8bits   0x000e9f       data     extern E:\3.46\pic18-lt\cxx-framework\src\extended\proc\p18f45k80.asm
               CANCON_RO9   0x000e8f       data     extern E:\3.46\pic18-lt\cxx-framework\src\extended\proc\p18f45k80.asm
           CANCON_RO9bits   0x000e8f       data     extern E:\3.46\pic18-lt\cxx-framework\src\extended\proc\p18f45k80.asm
               CANCONbits   0x000f6f       data     extern E:\3.46\pic18-lt\cxx-framework\src\extended\proc\p18f45k80.asm
                  CANSTAT   0x000f6e       data     extern E:\3.46\pic18-lt\cxx-framework\src\extended\proc\p18f45k80.asm
              CANSTAT_RO0   0x000f3e       data     extern E:\3.46\pic18-lt\cxx-framework\src\extended\proc\p18f45k80.asm
          CANSTAT_RO0bits   0x000f3e       data     extern E:\3.46\pic18-lt\cxx-framework\src\extended\proc\p18f45k80.asm
              CANSTAT_RO1   0x000f2e       data     extern E:\3.46\pic18-lt\cxx-framework\src\extended\proc\p18f45k80.asm
          CANSTAT_RO1bits   0x000f2e       data     extern E:\3.46\pic18-lt\cxx-framework\src\extended\proc\p18f45k80.asm
              CANSTAT_RO2   0x000f1e       data     extern E:\3.46\pic18-lt\cxx-framework\src\extended\proc\p18f45k80.asm
          CANSTAT_RO2bits   0x000f1e       data     extern E:\3.46\pic18-lt\cxx-framework\src\extended\proc\p18f45k80.asm
              CANSTAT_RO3   0x000f0e       data     extern E:\3.46\pic18-lt\cxx-framework\src\extended\proc\p18f45k80.asm
          CANSTAT_RO3bits   0x000f0e       data     extern E:\3.46\pic18-lt\cxx-framework\src\extended\proc\p18f45k80.asm
              CANSTAT_RO4   0x000ede       data     extern E:\3.46\pic18-lt\cxx-framework\src\extended\proc\p18f45k80.asm
          CANSTAT_RO4bits   0x000ede       data     extern E:\3.46\pic18-lt\cxx-framework\src\extended\proc\p18f45k80.asm
              CANSTAT_RO5   0x000ece       data     extern E:\3.46\pic18-lt\cxx-framework\src\extended\proc\p18f45k80.asm
          CANSTAT_RO5bits   0x000ece       data     extern E:\3.46\pic18-lt\cxx-framework\src\extended\proc\p18f45k80.asm
              CANSTAT_RO6   0x000ebe       data     extern E:\3.46\pic18-lt\cxx-framework\src\extended\proc\p18f45k80.asm
          CANSTAT_RO6bits   0x000ebe       data     extern E:\3.46\pic18-lt\cxx-framework\src\extended\proc\p18f45k80.asm
              CANSTAT_RO7   0x000eae       data     extern E:\3.46\pic18-lt\cxx-framework\src\extended\proc\p18f45k80.asm
          CANSTAT_RO7bits   0x000eae       data     extern E:\3.46\pic18-lt\cxx-framework\src\extended\proc\p18f45k80.asm
              CANSTAT_RO8   0x000e9e       data     extern E:\3.46\pic18-lt\cxx-framework\src\extended\proc\p18f45k80.asm
          CANSTAT_RO8bits   0x000e9e       data     extern E:\3.46\pic18-lt\cxx-framework\src\extended\proc\p18f45k80.asm
              CANSTAT_RO9   0x000e8e       data     extern E:\3.46\pic18-lt\cxx-framework\src\extended\proc\p18f45k80.asm
          CANSTAT_RO9bits   0x000e8e       data     extern E:\3.46\pic18-lt\cxx-framework\src\extended\proc\p18f45k80.asm
              CANSTATbits   0x000f6e       data     extern E:\3.46\pic18-lt\cxx-framework\src\extended\proc\p18f45k80.asm
                  CCP1CON   0x000fbb       data     extern E:\3.46\pic18-lt\cxx-framework\src\extended\proc\p18f45k80.asm
              CCP1CONbits   0x000fbb       data     extern E:\3.46\pic18-lt\cxx-framework\src\extended\proc\p18f45k80.asm
                  CCP2CON   0x000f50       data     extern E:\3.46\pic18-lt\cxx-framework\src\extended\proc\p18f45k80.asm
              CCP2CONbits   0x000f50       data     extern E:\3.46\pic18-lt\cxx-framework\src\extended\proc\p18f45k80.asm
                  CCP3CON   0x000f4d       data     extern E:\3.46\pic18-lt\cxx-framework\src\extended\proc\p18f45k80.asm
              CCP3CONbits   0x000f4d       data     extern E:\3.46\pic18-lt\cxx-framework\src\extended\proc\p18f45k80.asm
                  CCP4CON   0x000f4a       data     extern E:\3.46\pic18-lt\cxx-framework\src\extended\proc\p18f45k80.asm
              CCP4CONbits   0x000f4a       data     extern E:\3.46\pic18-lt\cxx-framework\src\extended\proc\p18f45k80.asm
                  CCP5CON   0x000f47       data     extern E:\3.46\pic18-lt\cxx-framework\src\extended\proc\p18f45k80.asm
              CCP5CONbits   0x000f47       data     extern E:\3.46\pic18-lt\cxx-framework\src\extended\proc\p18f45k80.asm
                    CCPR1   0x000fbc       data     extern E:\3.46\pic18-lt\cxx-framework\src\extended\proc\p18f45k80.asm
                   CCPR1H   0x000fbd       data     extern E:\3.46\pic18-lt\cxx-framework\src\extended\proc\p18f45k80.asm
                   CCPR1L   0x000fbc       data     extern E:\3.46\pic18-lt\cxx-framework\src\extended\proc\p18f45k80.asm
                    CCPR2   0x000f51       data     extern E:\3.46\pic18-lt\cxx-framework\src\extended\proc\p18f45k80.asm
                   CCPR2H   0x000f52       data     extern E:\3.46\pic18-lt\cxx-framework\src\extended\proc\p18f45k80.asm
                   CCPR2L   0x000f51       data     extern E:\3.46\pic18-lt\cxx-framework\src\extended\proc\p18f45k80.asm
                    CCPR3   0x000f4e       data     extern E:\3.46\pic18-lt\cxx-framework\src\extended\proc\p18f45k80.asm
                   CCPR3H   0x000f4f       data     extern E:\3.46\pic18-lt\cxx-framework\src\extended\proc\p18f45k80.asm
                   CCPR3L   0x000f4e       data     extern E:\3.46\pic18-lt\cxx-framework\src\extended\proc\p18f45k80.asm
                    CCPR4   0x000f4b       data     extern E:\3.46\pic18-lt\cxx-framework\src\extended\proc\p18f45k80.asm
                   CCPR4H   0x000f4c       data     extern E:\3.46\pic18-lt\cxx-framework\src\extended\proc\p18f45k80.asm
                   CCPR4L   0x000f4b       data     extern E:\3.46\pic18-lt\cxx-framework\src\extended\proc\p18f45k80.asm
                    CCPR5   0x000f48       data     extern E:\3.46\pic18-lt\cxx-framework\src\extended\proc\p18f45k80.asm
                   CCPR5H   0x000f49       data     extern E:\3.46\pic18-lt\cxx-framework\src\extended\proc\p18f45k80.asm
                   CCPR5L   0x000f48       data     extern E:\3.46\pic18-lt\cxx-framework\src\extended\proc\p18f45k80.asm
                  CCPTMRS   0x000f99       data     extern E:\3.46\pic18-lt\cxx-framework\src\extended\proc\p18f45k80.asm
              CCPTMRSbits   0x000f99       data     extern E:\3.46\pic18-lt\cxx-framework\src\extended\proc\p18f45k80.asm
                   CIOCON   0x000f70       data     extern E:\3.46\pic18-lt\cxx-framework\src\extended\proc\p18f45k80.asm
               CIOCONbits   0x000f70       data     extern E:\3.46\pic18-lt\cxx-framework\src\extended\proc\p18f45k80.asm
                   CM1CON   0x000f5f       data     extern E:\3.46\pic18-lt\cxx-framework\src\extended\proc\p18f45k80.asm
                  CM1CON1   0x000f5f       data     extern E:\3.46\pic18-lt\cxx-framework\src\extended\proc\p18f45k80.asm
              CM1CON1bits   0x000f5f       data     extern E:\3.46\pic18-lt\cxx-framework\src\extended\proc\p18f45k80.asm
               CM1CONbits   0x000f5f       data     extern E:\3.46\pic18-lt\cxx-framework\src\extended\proc\p18f45k80.asm
                   CM2CON   0x000f5e       data     extern E:\3.46\pic18-lt\cxx-framework\src\extended\proc\p18f45k80.asm
                  CM2CON1   0x000f5e       data     extern E:\3.46\pic18-lt\cxx-framework\src\extended\proc\p18f45k80.asm
              CM2CON1bits   0x000f5e       data     extern E:\3.46\pic18-lt\cxx-framework\src\extended\proc\p18f45k80.asm
               CM2CONbits   0x000f5e       data     extern E:\3.46\pic18-lt\cxx-framework\src\extended\proc\p18f45k80.asm
                   CMSTAT   0x000fb4       data     extern E:\3.46\pic18-lt\cxx-framework\src\extended\proc\p18f45k80.asm
                 CMSTATUS   0x000fb4       data     extern E:\3.46\pic18-lt\cxx-framework\src\extended\proc\p18f45k80.asm
             CMSTATUSbits   0x000fb4       data     extern E:\3.46\pic18-lt\cxx-framework\src\extended\proc\p18f45k80.asm
               CMSTATbits   0x000fb4       data     extern E:\3.46\pic18-lt\cxx-framework\src\extended\proc\p18f45k80.asm
                  COMSTAT   0x000f71       data     extern E:\3.46\pic18-lt\cxx-framework\src\extended\proc\p18f45k80.asm
              COMSTATbits   0x000f71       data     extern E:\3.46\pic18-lt\cxx-framework\src\extended\proc\p18f45k80.asm
                 CTMUCONH   0x000f55       data     extern E:\3.46\pic18-lt\cxx-framework\src\extended\proc\p18f45k80.asm
             CTMUCONHbits   0x000f55       data     extern E:\3.46\pic18-lt\cxx-framework\src\extended\proc\p18f45k80.asm
                 CTMUCONL   0x000f54       data     extern E:\3.46\pic18-lt\cxx-framework\src\extended\proc\p18f45k80.asm
             CTMUCONLbits   0x000f54       data     extern E:\3.46\pic18-lt\cxx-framework\src\extended\proc\p18f45k80.asm
                 CTMUICON   0x000f53       data     extern E:\3.46\pic18-lt\cxx-framework\src\extended\proc\p18f45k80.asm
             CTMUICONbits   0x000f53       data     extern E:\3.46\pic18-lt\cxx-framework\src\extended\proc\p18f45k80.asm
                   CVRCON   0x000fb5       data     extern E:\3.46\pic18-lt\cxx-framework\src\extended\proc\p18f45k80.asm
               CVRCONbits   0x000fb5       data     extern E:\3.46\pic18-lt\cxx-framework\src\extended\proc\p18f45k80.asm
                  ECANCON   0x000f72       data     extern E:\3.46\pic18-lt\cxx-framework\src\extended\proc\p18f45k80.asm
              ECANCONbits   0x000f72       data     extern E:\3.46\pic18-lt\cxx-framework\src\extended\proc\p18f45k80.asm
                  ECCP1AS   0x000fbf       data     extern E:\3.46\pic18-lt\cxx-framework\src\extended\proc\p18f45k80.asm
              ECCP1ASbits   0x000fbf       data     extern E:\3.46\pic18-lt\cxx-framework\src\extended\proc\p18f45k80.asm
                 ECCP1CON   0x000fbb       data     extern E:\3.46\pic18-lt\cxx-framework\src\extended\proc\p18f45k80.asm
             ECCP1CONbits   0x000fbb       data     extern E:\3.46\pic18-lt\cxx-framework\src\extended\proc\p18f45k80.asm
                 ECCP1DEL   0x000fbe       data     extern E:\3.46\pic18-lt\cxx-framework\src\extended\proc\p18f45k80.asm
             ECCP1DELbits   0x000fbe       data     extern E:\3.46\pic18-lt\cxx-framework\src\extended\proc\p18f45k80.asm
                 ECCP2CON   0x000f50       data     extern E:\3.46\pic18-lt\cxx-framework\src\extended\proc\p18f45k80.asm
             ECCP2CONbits   0x000f50       data     extern E:\3.46\pic18-lt\cxx-framework\src\extended\proc\p18f45k80.asm
                    EEADR   0x000f74       data     extern E:\3.46\pic18-lt\cxx-framework\src\extended\proc\p18f45k80.asm
                   EEADRH   0x000f75       data     extern E:\3.46\pic18-lt\cxx-framework\src\extended\proc\p18f45k80.asm
                   EECON1   0x000f7f       data     extern E:\3.46\pic18-lt\cxx-framework\src\extended\proc\p18f45k80.asm
               EECON1bits   0x000f7f       data     extern E:\3.46\pic18-lt\cxx-framework\src\extended\proc\p18f45k80.asm
                   EECON2   0x000f7e       data     extern E:\3.46\pic18-lt\cxx-framework\src\extended\proc\p18f45k80.asm
                   EEDATA   0x000f73       data     extern E:\3.46\pic18-lt\cxx-framework\src\extended\proc\p18f45k80.asm
                     FSR0   0x000fe9       data     extern E:\3.46\pic18-lt\cxx-framework\src\extended\proc\p18f45k80.asm
                    FSR0H   0x000fea       data     extern E:\3.46\pic18-lt\cxx-framework\src\extended\proc\p18f45k80.asm
                FSR0Hbits   0x000fea       data     extern E:\3.46\pic18-lt\cxx-framework\src\extended\proc\p18f45k80.asm
                    FSR0L   0x000fe9       data     extern E:\3.46\pic18-lt\cxx-framework\src\extended\proc\p18f45k80.asm
                     FSR1   0x000fe1       data     extern E:\3.46\pic18-lt\cxx-framework\src\extended\proc\p18f45k80.asm
                    FSR1H   0x000fe2       data     extern E:\3.46\pic18-lt\cxx-framework\src\extended\proc\p18f45k80.asm
                FSR1Hbits   0x000fe2       data     extern E:\3.46\pic18-lt\cxx-framework\src\extended\proc\p18f45k80.asm
                    FSR1L   0x000fe1       data     extern E:\3.46\pic18-lt\cxx-framework\src\extended\proc\p18f45k80.asm
                     FSR2   0x000fd9       data     extern E:\3.46\pic18-lt\cxx-framework\src\extended\proc\p18f45k80.asm
                    FSR2H   0x000fda       data     extern E:\3.46\pic18-lt\cxx-framework\src\extended\proc\p18f45k80.asm
                FSR2Hbits   0x000fda       data     extern E:\3.46\pic18-lt\cxx-framework\src\extended\proc\p18f45k80.asm
                    FSR2L   0x000fd9       data     extern E:\3.46\pic18-lt\cxx-framework\src\extended\proc\p18f45k80.asm
                  HLVDCON   0x000fa8       data     extern E:\3.46\pic18-lt\cxx-framework\src\extended\proc\p18f45k80.asm
              HLVDCONbits   0x000fa8       data     extern E:\3.46\pic18-lt\cxx-framework\src\extended\proc\p18f45k80.asm
                    INDF0   0x000fef       data     extern E:\3.46\pic18-lt\cxx-framework\src\extended\proc\p18f45k80.asm
                    INDF1   0x000fe7       data     extern E:\3.46\pic18-lt\cxx-framework\src\extended\proc\p18f45k80.asm
                    INDF2   0x000fdf       data     extern E:\3.46\pic18-lt\cxx-framework\src\extended\proc\p18f45k80.asm
                   INTCON   0x000ff2       data     extern E:\3.46\pic18-lt\cxx-framework\src\extended\proc\p18f45k80.asm
                  INTCON1   0x000ff2       data     extern E:\3.46\pic18-lt\cxx-framework\src\extended\proc\p18f45k80.asm
              INTCON1bits   0x000ff2       data     extern E:\3.46\pic18-lt\cxx-framework\src\extended\proc\p18f45k80.asm
                  INTCON2   0x000ff1       data     extern E:\3.46\pic18-lt\cxx-framework\src\extended\proc\p18f45k80.asm
              INTCON2bits   0x000ff1       data     extern E:\3.46\pic18-lt\cxx-framework\src\extended\proc\p18f45k80.asm
                  INTCON3   0x000ff0       data     extern E:\3.46\pic18-lt\cxx-framework\src\extended\proc\p18f45k80.asm
              INTCON3bits   0x000ff0       data     extern E:\3.46\pic18-lt\cxx-framework\src\extended\proc\p18f45k80.asm
               INTCONbits   0x000ff2       data     extern E:\3.46\pic18-lt\cxx-framework\src\extended\proc\p18f45k80.asm
                     IOCB   0x000f5a       data     extern E:\3.46\pic18-lt\cxx-framework\src\extended\proc\p18f45k80.asm
                 IOCBbits   0x000f5a       data     extern E:\3.46\pic18-lt\cxx-framework\src\extended\proc\p18f45k80.asm
                     IPR1   0x000f9f       data     extern E:\3.46\pic18-lt\cxx-framework\src\extended\proc\p18f45k80.asm
                 IPR1bits   0x000f9f       data     extern E:\3.46\pic18-lt\cxx-framework\src\extended\proc\p18f45k80.asm
                     IPR2   0x000fa2       data     extern E:\3.46\pic18-lt\cxx-framework\src\extended\proc\p18f45k80.asm
                 IPR2bits   0x000fa2       data     extern E:\3.46\pic18-lt\cxx-framework\src\extended\proc\p18f45k80.asm
                     IPR3   0x000fa5       data     extern E:\3.46\pic18-lt\cxx-framework\src\extended\proc\p18f45k80.asm
                 IPR3bits   0x000fa5       data     extern E:\3.46\pic18-lt\cxx-framework\src\extended\proc\p18f45k80.asm
                     IPR4   0x000fb8       data     extern E:\3.46\pic18-lt\cxx-framework\src\extended\proc\p18f45k80.asm
                 IPR4bits   0x000fb8       data     extern E:\3.46\pic18-lt\cxx-framework\src\extended\proc\p18f45k80.asm
                     IPR5   0x000f78       data     extern E:\3.46\pic18-lt\cxx-framework\src\extended\proc\p18f45k80.asm
                 IPR5bits   0x000f78       data     extern E:\3.46\pic18-lt\cxx-framework\src\extended\proc\p18f45k80.asm
                     LATA   0x000f89       data     extern E:\3.46\pic18-lt\cxx-framework\src\extended\proc\p18f45k80.asm
                 LATAbits   0x000f89       data     extern E:\3.46\pic18-lt\cxx-framework\src\extended\proc\p18f45k80.asm
                     LATB   0x000f8a       data     extern E:\3.46\pic18-lt\cxx-framework\src\extended\proc\p18f45k80.asm
                 LATBbits   0x000f8a       data     extern E:\3.46\pic18-lt\cxx-framework\src\extended\proc\p18f45k80.asm
                     LATC   0x000f8b       data     extern E:\3.46\pic18-lt\cxx-framework\src\extended\proc\p18f45k80.asm
                 LATCbits   0x000f8b       data     extern E:\3.46\pic18-lt\cxx-framework\src\extended\proc\p18f45k80.asm
                     LATD   0x000f8c       data     extern E:\3.46\pic18-lt\cxx-framework\src\extended\proc\p18f45k80.asm
                 LATDbits   0x000f8c       data     extern E:\3.46\pic18-lt\cxx-framework\src\extended\proc\p18f45k80.asm
                     LATE   0x000f8d       data     extern E:\3.46\pic18-lt\cxx-framework\src\extended\proc\p18f45k80.asm
                 LATEbits   0x000f8d       data     extern E:\3.46\pic18-lt\cxx-framework\src\extended\proc\p18f45k80.asm
                    MSEL0   0x000e79       data     extern E:\3.46\pic18-lt\cxx-framework\src\extended\proc\p18f45k80.asm
                MSEL0bits   0x000e79       data     extern E:\3.46\pic18-lt\cxx-framework\src\extended\proc\p18f45k80.asm
                    MSEL1   0x000e7a       data     extern E:\3.46\pic18-lt\cxx-framework\src\extended\proc\p18f45k80.asm
                MSEL1bits   0x000e7a       data     extern E:\3.46\pic18-lt\cxx-framework\src\extended\proc\p18f45k80.asm
                    MSEL2   0x000e7b       data     extern E:\3.46\pic18-lt\cxx-framework\src\extended\proc\p18f45k80.asm
                MSEL2bits   0x000e7b       data     extern E:\3.46\pic18-lt\cxx-framework\src\extended\proc\p18f45k80.asm
                    MSEL3   0x000e7c       data     extern E:\3.46\pic18-lt\cxx-framework\src\extended\proc\p18f45k80.asm
                MSEL3bits   0x000e7c       data     extern E:\3.46\pic18-lt\cxx-framework\src\extended\proc\p18f45k80.asm
                    ODCON   0x000f91       data     extern E:\3.46\pic18-lt\cxx-framework\src\extended\proc\p18f45k80.asm
                ODCONbits   0x000f91       data     extern E:\3.46\pic18-lt\cxx-framework\src\extended\proc\p18f45k80.asm
                   OSCCON   0x000fd3       data     extern E:\3.46\pic18-lt\cxx-framework\src\extended\proc\p18f45k80.asm
                  OSCCON2   0x000fd2       data     extern E:\3.46\pic18-lt\cxx-framework\src\extended\proc\p18f45k80.asm
              OSCCON2bits   0x000fd2       data     extern E:\3.46\pic18-lt\cxx-framework\src\extended\proc\p18f45k80.asm
               OSCCONbits   0x000fd3       data     extern E:\3.46\pic18-lt\cxx-framework\src\extended\proc\p18f45k80.asm
                  OSCTUNE   0x000f9b       data     extern E:\3.46\pic18-lt\cxx-framework\src\extended\proc\p18f45k80.asm
              OSCTUNEbits   0x000f9b       data     extern E:\3.46\pic18-lt\cxx-framework\src\extended\proc\p18f45k80.asm
                  PADCFG1   0x000f56       data     extern E:\3.46\pic18-lt\cxx-framework\src\extended\proc\p18f45k80.asm
              PADCFG1bits   0x000f56       data     extern E:\3.46\pic18-lt\cxx-framework\src\extended\proc\p18f45k80.asm
                       PC   0x000ff9       data     extern E:\3.46\pic18-lt\cxx-framework\src\extended\proc\p18f45k80.asm
                      PCL   0x000ff9       data     extern E:\3.46\pic18-lt\cxx-framework\src\extended\proc\p18f45k80.asm
                   PCLATH   0x000ffa       data     extern E:\3.46\pic18-lt\cxx-framework\src\extended\proc\p18f45k80.asm
                   PCLATU   0x000ffb       data     extern E:\3.46\pic18-lt\cxx-framework\src\extended\proc\p18f45k80.asm
               PCLATUbits   0x000ffb       data     extern E:\3.46\pic18-lt\cxx-framework\src\extended\proc\p18f45k80.asm
                     PIE1   0x000f9d       data     extern E:\3.46\pic18-lt\cxx-framework\src\extended\proc\p18f45k80.asm
                 PIE1bits   0x000f9d       data     extern E:\3.46\pic18-lt\cxx-framework\src\extended\proc\p18f45k80.asm
                     PIE2   0x000fa0       data     extern E:\3.46\pic18-lt\cxx-framework\src\extended\proc\p18f45k80.asm
                 PIE2bits   0x000fa0       data     extern E:\3.46\pic18-lt\cxx-framework\src\extended\proc\p18f45k80.asm
                     PIE3   0x000fa3       data     extern E:\3.46\pic18-lt\cxx-framework\src\extended\proc\p18f45k80.asm
                 PIE3bits   0x000fa3       data     extern E:\3.46\pic18-lt\cxx-framework\src\extended\proc\p18f45k80.asm
                     PIE4   0x000fb6       data     extern E:\3.46\pic18-lt\cxx-framework\src\extended\proc\p18f45k80.asm
                 PIE4bits   0x000fb6       data     extern E:\3.46\pic18-lt\cxx-framework\src\extended\proc\p18f45k80.asm
                     PIE5   0x000f76       data     extern E:\3.46\pic18-lt\cxx-framework\src\extended\proc\p18f45k80.asm
                 PIE5bits   0x000f76       data     extern E:\3.46\pic18-lt\cxx-framework\src\extended\proc\p18f45k80.asm
                     PIR1   0x000f9e       data     extern E:\3.46\pic18-lt\cxx-framework\src\extended\proc\p18f45k80.asm
                 PIR1bits   0x000f9e       data     extern E:\3.46\pic18-lt\cxx-framework\src\extended\proc\p18f45k80.asm
                     PIR2   0x000fa1       data     extern E:\3.46\pic18-lt\cxx-framework\src\extended\proc\p18f45k80.asm
                 PIR2bits   0x000fa1       data     extern E:\3.46\pic18-lt\cxx-framework\src\extended\proc\p18f45k80.asm
                     PIR3   0x000fa4       data     extern E:\3.46\pic18-lt\cxx-framework\src\extended\proc\p18f45k80.asm
                 PIR3bits   0x000fa4       data     extern E:\3.46\pic18-lt\cxx-framework\src\extended\proc\p18f45k80.asm
                     PIR4   0x000fb7       data     extern E:\3.46\pic18-lt\cxx-framework\src\extended\proc\p18f45k80.asm
                 PIR4bits   0x000fb7       data     extern E:\3.46\pic18-lt\cxx-framework\src\extended\proc\p18f45k80.asm
                     PIR5   0x000f77       data     extern E:\3.46\pic18-lt\cxx-framework\src\extended\proc\p18f45k80.asm
                 PIR5bits   0x000f77       data     extern E:\3.46\pic18-lt\cxx-framework\src\extended\proc\p18f45k80.asm
                   PLUSW0   0x000feb       data     extern E:\3.46\pic18-lt\cxx-framework\src\extended\proc\p18f45k80.asm
                   PLUSW1   0x000fe3       data     extern E:\3.46\pic18-lt\cxx-framework\src\extended\proc\p18f45k80.asm
                   PLUSW2   0x000fdb       data     extern E:\3.46\pic18-lt\cxx-framework\src\extended\proc\p18f45k80.asm
                     PMD0   0x000f59       data     extern E:\3.46\pic18-lt\cxx-framework\src\extended\proc\p18f45k80.asm
                 PMD0bits   0x000f59       data     extern E:\3.46\pic18-lt\cxx-framework\src\extended\proc\p18f45k80.asm
                     PMD1   0x000f58       data     extern E:\3.46\pic18-lt\cxx-framework\src\extended\proc\p18f45k80.asm
                 PMD1bits   0x000f58       data     extern E:\3.46\pic18-lt\cxx-framework\src\extended\proc\p18f45k80.asm
                     PMD2   0x000f57       data     extern E:\3.46\pic18-lt\cxx-framework\src\extended\proc\p18f45k80.asm
                 PMD2bits   0x000f57       data     extern E:\3.46\pic18-lt\cxx-framework\src\extended\proc\p18f45k80.asm
                    PORTA   0x000f80       data     extern E:\3.46\pic18-lt\cxx-framework\src\extended\proc\p18f45k80.asm
                PORTAbits   0x000f80       data     extern E:\3.46\pic18-lt\cxx-framework\src\extended\proc\p18f45k80.asm
                    PORTB   0x000f81       data     extern E:\3.46\pic18-lt\cxx-framework\src\extended\proc\p18f45k80.asm
                PORTBbits   0x000f81       data     extern E:\3.46\pic18-lt\cxx-framework\src\extended\proc\p18f45k80.asm
                    PORTC   0x000f82       data     extern E:\3.46\pic18-lt\cxx-framework\src\extended\proc\p18f45k80.asm
                PORTCbits   0x000f82       data     extern E:\3.46\pic18-lt\cxx-framework\src\extended\proc\p18f45k80.asm
                    PORTD   0x000f83       data     extern E:\3.46\pic18-lt\cxx-framework\src\extended\proc\p18f45k80.asm
                PORTDbits   0x000f83       data     extern E:\3.46\pic18-lt\cxx-framework\src\extended\proc\p18f45k80.asm
                    PORTE   0x000f84       data     extern E:\3.46\pic18-lt\cxx-framework\src\extended\proc\p18f45k80.asm
                PORTEbits   0x000f84       data     extern E:\3.46\pic18-lt\cxx-framework\src\extended\proc\p18f45k80.asm
                 POSTDEC0   0x000fed       data     extern E:\3.46\pic18-lt\cxx-framework\src\extended\proc\p18f45k80.asm
                 POSTDEC1   0x000fe5       data     extern E:\3.46\pic18-lt\cxx-framework\src\extended\proc\p18f45k80.asm
                 POSTDEC2   0x000fdd       data     extern E:\3.46\pic18-lt\cxx-framework\src\extended\proc\p18f45k80.asm
                 POSTINC0   0x000fee       data     extern E:\3.46\pic18-lt\cxx-framework\src\extended\proc\p18f45k80.asm
                 POSTINC1   0x000fe6       data     extern E:\3.46\pic18-lt\cxx-framework\src\extended\proc\p18f45k80.asm
                 POSTINC2   0x000fde       data     extern E:\3.46\pic18-lt\cxx-framework\src\extended\proc\p18f45k80.asm
                      PR2   0x000fcb       data     extern E:\3.46\pic18-lt\cxx-framework\src\extended\proc\p18f45k80.asm
                      PR4   0x000fa9       data     extern E:\3.46\pic18-lt\cxx-framework\src\extended\proc\p18f45k80.asm
                  PREINC0   0x000fec       data     extern E:\3.46\pic18-lt\cxx-framework\src\extended\proc\p18f45k80.asm
                  PREINC1   0x000fe4       data     extern E:\3.46\pic18-lt\cxx-framework\src\extended\proc\p18f45k80.asm
                  PREINC2   0x000fdc       data     extern E:\3.46\pic18-lt\cxx-framework\src\extended\proc\p18f45k80.asm
                     PROD   0x000ff3       data     extern E:\3.46\pic18-lt\cxx-framework\src\extended\proc\p18f45k80.asm
                    PRODH   0x000ff4       data     extern E:\3.46\pic18-lt\cxx-framework\src\extended\proc\p18f45k80.asm
                    PRODL   0x000ff3       data     extern E:\3.46\pic18-lt\cxx-framework\src\extended\proc\p18f45k80.asm
                   PSPCON   0x000f46       data     extern E:\3.46\pic18-lt\cxx-framework\src\extended\proc\p18f45k80.asm
               PSPCONbits   0x000f46       data     extern E:\3.46\pic18-lt\cxx-framework\src\extended\proc\p18f45k80.asm
                 PSTR1CON   0x000f9c       data     extern E:\3.46\pic18-lt\cxx-framework\src\extended\proc\p18f45k80.asm
             PSTR1CONbits   0x000f9c       data     extern E:\3.46\pic18-lt\cxx-framework\src\extended\proc\p18f45k80.asm
                  PWM1CON   0x000fbe       data     extern E:\3.46\pic18-lt\cxx-framework\src\extended\proc\p18f45k80.asm
              PWM1CONbits   0x000fbe       data     extern E:\3.46\pic18-lt\cxx-framework\src\extended\proc\p18f45k80.asm
                     RCON   0x000fd0       data     extern E:\3.46\pic18-lt\cxx-framework\src\extended\proc\p18f45k80.asm
                 RCONbits   0x000fd0       data     extern E:\3.46\pic18-lt\cxx-framework\src\extended\proc\p18f45k80.asm
                    RCREG   0x000fae       data     extern E:\3.46\pic18-lt\cxx-framework\src\extended\proc\p18f45k80.asm
                   RCREG1   0x000fae       data     extern E:\3.46\pic18-lt\cxx-framework\src\extended\proc\p18f45k80.asm
                   RCREG2   0x000f7a       data     extern E:\3.46\pic18-lt\cxx-framework\src\extended\proc\p18f45k80.asm
                    RCSTA   0x000fab       data     extern E:\3.46\pic18-lt\cxx-framework\src\extended\proc\p18f45k80.asm
                   RCSTA1   0x000fab       data     extern E:\3.46\pic18-lt\cxx-framework\src\extended\proc\p18f45k80.asm
               RCSTA1bits   0x000fab       data     extern E:\3.46\pic18-lt\cxx-framework\src\extended\proc\p18f45k80.asm
                   RCSTA2   0x000fa6       data     extern E:\3.46\pic18-lt\cxx-framework\src\extended\proc\p18f45k80.asm
               RCSTA2bits   0x000fa6       data     extern E:\3.46\pic18-lt\cxx-framework\src\extended\proc\p18f45k80.asm
                RCSTAbits   0x000fab       data     extern E:\3.46\pic18-lt\cxx-framework\src\extended\proc\p18f45k80.asm
                  REFOCON   0x000f9a       data     extern E:\3.46\pic18-lt\cxx-framework\src\extended\proc\p18f45k80.asm
              REFOCONbits   0x000f9a       data     extern E:\3.46\pic18-lt\cxx-framework\src\extended\proc\p18f45k80.asm
                  RXB0CON   0x000f60       data     extern E:\3.46\pic18-lt\cxx-framework\src\extended\proc\p18f45k80.asm
              RXB0CONbits   0x000f60       data     extern E:\3.46\pic18-lt\cxx-framework\src\extended\proc\p18f45k80.asm
                   RXB0D0   0x000f66       data     extern E:\3.46\pic18-lt\cxx-framework\src\extended\proc\p18f45k80.asm
               RXB0D0bits   0x000f66       data     extern E:\3.46\pic18-lt\cxx-framework\src\extended\proc\p18f45k80.asm
                   RXB0D1   0x000f67       data     extern E:\3.46\pic18-lt\cxx-framework\src\extended\proc\p18f45k80.asm
               RXB0D1bits   0x000f67       data     extern E:\3.46\pic18-lt\cxx-framework\src\extended\proc\p18f45k80.asm
                   RXB0D2   0x000f68       data     extern E:\3.46\pic18-lt\cxx-framework\src\extended\proc\p18f45k80.asm
               RXB0D2bits   0x000f68       data     extern E:\3.46\pic18-lt\cxx-framework\src\extended\proc\p18f45k80.asm
                   RXB0D3   0x000f69       data     extern E:\3.46\pic18-lt\cxx-framework\src\extended\proc\p18f45k80.asm
               RXB0D3bits   0x000f69       data     extern E:\3.46\pic18-lt\cxx-framework\src\extended\proc\p18f45k80.asm
                   RXB0D4   0x000f6a       data     extern E:\3.46\pic18-lt\cxx-framework\src\extended\proc\p18f45k80.asm
               RXB0D4bits   0x000f6a       data     extern E:\3.46\pic18-lt\cxx-framework\src\extended\proc\p18f45k80.asm
                   RXB0D5   0x000f6b       data     extern E:\3.46\pic18-lt\cxx-framework\src\extended\proc\p18f45k80.asm
               RXB0D5bits   0x000f6b       data     extern E:\3.46\pic18-lt\cxx-framework\src\extended\proc\p18f45k80.asm
                   RXB0D6   0x000f6c       data     extern E:\3.46\pic18-lt\cxx-framework\src\extended\proc\p18f45k80.asm
               RXB0D6bits   0x000f6c       data     extern E:\3.46\pic18-lt\cxx-framework\src\extended\proc\p18f45k80.asm
                   RXB0D7   0x000f6d       data     extern E:\3.46\pic18-lt\cxx-framework\src\extended\proc\p18f45k80.asm
               RXB0D7bits   0x000f6d       data     extern E:\3.46\pic18-lt\cxx-framework\src\extended\proc\p18f45k80.asm
                  RXB0DLC   0x000f65       data     extern E:\3.46\pic18-lt\cxx-framework\src\extended\proc\p18f45k80.asm
              RXB0DLCbits   0x000f65       data     extern E:\3.46\pic18-lt\cxx-framework\src\extended\proc\p18f45k80.asm
                 RXB0EIDH   0x000f63       data     extern E:\3.46\pic18-lt\cxx-framework\src\extended\proc\p18f45k80.asm
[...]
                 PIE3bits   0x000fa3       data     extern E:\3.46\pic18-lt\cxx-framework\src\extended\proc\p18f45k80.asm
                 PIR3bits   0x000fa4       data     extern E:\3.46\pic18-lt\cxx-framework\src\extended\proc\p18f45k80.asm
                     PIR3   0x000fa4       data     extern E:\3.46\pic18-lt\cxx-framework\src\extended\proc\p18f45k80.asm
                     IPR3   0x000fa5       data     extern E:\3.46\pic18-lt\cxx-framework\src\extended\proc\p18f45k80.asm
                 IPR3bits   0x000fa5       data     extern E:\3.46\pic18-lt\cxx-framework\src\extended\proc\p18f45k80.asm
                   RCSTA2   0x000fa6       data     extern E:\3.46\pic18-lt\cxx-framework\src\extended\proc\p18f45k80.asm
               RCSTA2bits   0x000fa6       data     extern E:\3.46\pic18-lt\cxx-framework\src\extended\proc\p18f45k80.asm
             BAUDCON1bits   0x000fa7       data     extern E:\3.46\pic18-lt\cxx-framework\src\extended\proc\p18f45k80.asm
                 BAUDCON1   0x000fa7       data     extern E:\3.46\pic18-lt\cxx-framework\src\extended\proc\p18f45k80.asm
              HLVDCONbits   0x000fa8       data     extern E:\3.46\pic18-lt\cxx-framework\src\extended\proc\p18f45k80.asm
                  HLVDCON   0x000fa8       data     extern E:\3.46\pic18-lt\cxx-framework\src\extended\proc\p18f45k80.asm
                      PR4   0x000fa9       data     extern E:\3.46\pic18-lt\cxx-framework\src\extended\proc\p18f45k80.asm
               T1GCONbits   0x000faa       data     extern E:\3.46\pic18-lt\cxx-framework\src\extended\proc\p18f45k80.asm
                   T1GCON   0x000faa       data     extern E:\3.46\pic18-lt\cxx-framework\src\extended\proc\p18f45k80.asm
                RCSTAbits   0x000fab       data     extern E:\3.46\pic18-lt\cxx-framework\src\extended\proc\p18f45k80.asm
               RCSTA1bits   0x000fab       data     extern E:\3.46\pic18-lt\cxx-framework\src\extended\proc\p18f45k80.asm
                   RCSTA1   0x000fab       data     extern E:\3.46\pic18-lt\cxx-framework\src\extended\proc\p18f45k80.asm
                    RCSTA   0x000fab       data     extern E:\3.46\pic18-lt\cxx-framework\src\extended\proc\p18f45k80.asm
               TXSTA1bits   0x000fac       data     extern E:\3.46\pic18-lt\cxx-framework\src\extended\proc\p18f45k80.asm
                TXSTAbits   0x000fac       data     extern E:\3.46\pic18-lt\cxx-framework\src\extended\proc\p18f45k80.asm
                   TXSTA1   0x000fac       data     extern E:\3.46\pic18-lt\cxx-framework\src\extended\proc\p18f45k80.asm
                    TXSTA   0x000fac       data     extern E:\3.46\pic18-lt\cxx-framework\src\extended\proc\p18f45k80.asm
                   TXREG1   0x000fad       data     extern E:\3.46\pic18-lt\cxx-framework\src\extended\proc\p18f45k80.asm
                    TXREG   0x000fad       data     extern E:\3.46\pic18-lt\cxx-framework\src\extended\proc\p18f45k80.asm
                   RCREG1   0x000fae       data     extern E:\3.46\pic18-lt\cxx-framework\src\extended\proc\p18f45k80.asm
                    RCREG   0x000fae       data     extern E:\3.46\pic18-lt\cxx-framework\src\extended\proc\p18f45k80.asm
                    SPBRG   0x000faf       data     extern E:\3.46\pic18-lt\cxx-framework\src\extended\proc\p18f45k80.asm
                   SPBRG1   0x000faf       data     extern E:\3.46\pic18-lt\cxx-framework\src\extended\proc\p18f45k80.asm
               T3GCONbits   0x000fb0       data     extern E:\3.46\pic18-lt\cxx-framework\src\extended\proc\p18f45k80.asm
                   T3GCON   0x000fb0       data     extern E:\3.46\pic18-lt\cxx-framework\src\extended\proc\p18f45k80.asm
                    T3CON   0x000fb1       data     extern E:\3.46\pic18-lt\cxx-framework\src\extended\proc\p18f45k80.asm
                T3CONbits   0x000fb1       data     extern E:\3.46\pic18-lt\cxx-framework\src\extended\proc\p18f45k80.asm
                    TMR3L   0x000fb2       data     extern E:\3.46\pic18-lt\cxx-framework\src\extended\proc\p18f45k80.asm
                    TMR3H   0x000fb3       data     extern E:\3.46\pic18-lt\cxx-framework\src\extended\proc\p18f45k80.asm
                   CMSTAT   0x000fb4       data     extern E:\3.46\pic18-lt\cxx-framework\src\extended\proc\p18f45k80.asm
                 CMSTATUS   0x000fb4       data     extern E:\3.46\pic18-lt\cxx-framework\src\extended\proc\p18f45k80.asm
             CMSTATUSbits   0x000fb4       data     extern E:\3.46\pic18-lt\cxx-framework\src\extended\proc\p18f45k80.asm
               CMSTATbits   0x000fb4       data     extern E:\3.46\pic18-lt\cxx-framework\src\extended\proc\p18f45k80.asm
                   CVRCON   0x000fb5       data     extern E:\3.46\pic18-lt\cxx-framework\src\extended\proc\p18f45k80.asm
               CVRCONbits   0x000fb5       data     extern E:\3.46\pic18-lt\cxx-framework\src\extended\proc\p18f45k80.asm
                     PIE4   0x000fb6       data     extern E:\3.46\pic18-lt\cxx-framework\src\extended\proc\p18f45k80.asm
                 PIE4bits   0x000fb6       data     extern E:\3.46\pic18-lt\cxx-framework\src\extended\proc\p18f45k80.asm
                     PIR4   0x000fb7       data     extern E:\3.46\pic18-lt\cxx-framework\src\extended\proc\p18f45k80.asm
                 PIR4bits   0x000fb7       data     extern E:\3.46\pic18-lt\cxx-framework\src\extended\proc\p18f45k80.asm
                 IPR4bits   0x000fb8       data     extern E:\3.46\pic18-lt\cxx-framework\src\extended\proc\p18f45k80.asm
                     IPR4   0x000fb8       data     extern E:\3.46\pic18-lt\cxx-framework\src\extended\proc\p18f45k80.asm
                 BAUDCON2   0x000fb9       data     extern E:\3.46\pic18-lt\cxx-framework\src\extended\proc\p18f45k80.asm
             BAUDCON2bits   0x000fb9       data     extern E:\3.46\pic18-lt\cxx-framework\src\extended\proc\p18f45k80.asm
               TXSTA2bits   0x000fba       data     extern E:\3.46\pic18-lt\cxx-framework\src\extended\proc\p18f45k80.asm
                   TXSTA2   0x000fba       data     extern E:\3.46\pic18-lt\cxx-framework\src\extended\proc\p18f45k80.asm
                  CCP1CON   0x000fbb       data     extern E:\3.46\pic18-lt\cxx-framework\src\extended\proc\p18f45k80.asm
              CCP1CONbits   0x000fbb       data     extern E:\3.46\pic18-lt\cxx-framework\src\extended\proc\p18f45k80.asm
             ECCP1CONbits   0x000fbb       data     extern E:\3.46\pic18-lt\cxx-framework\src\extended\proc\p18f45k80.asm
                 ECCP1CON   0x000fbb       data     extern E:\3.46\pic18-lt\cxx-framework\src\extended\proc\p18f45k80.asm
                    CCPR1   0x000fbc       data     extern E:\3.46\pic18-lt\cxx-framework\src\extended\proc\p18f45k80.asm
                   CCPR1L   0x000fbc       data     extern E:\3.46\pic18-lt\cxx-framework\src\extended\proc\p18f45k80.asm
                   CCPR1H   0x000fbd       data     extern E:\3.46\pic18-lt\cxx-framework\src\extended\proc\p18f45k80.asm
              PWM1CONbits   0x000fbe       data     extern E:\3.46\pic18-lt\cxx-framework\src\extended\proc\p18f45k80.asm
                  PWM1CON   0x000fbe       data     extern E:\3.46\pic18-lt\cxx-framework\src\extended\proc\p18f45k80.asm
                 ECCP1DEL   0x000fbe       data     extern E:\3.46\pic18-lt\cxx-framework\src\extended\proc\p18f45k80.asm
             ECCP1DELbits   0x000fbe       data     extern E:\3.46\pic18-lt\cxx-framework\src\extended\proc\p18f45k80.asm
                  ECCP1AS   0x000fbf       data     extern E:\3.46\pic18-lt\cxx-framework\src\extended\proc\p18f45k80.asm
              ECCP1ASbits   0x000fbf       data     extern E:\3.46\pic18-lt\cxx-framework\src\extended\proc\p18f45k80.asm
               ADCON2bits   0x000fc0       data     extern E:\3.46\pic18-lt\cxx-framework\src\extended\proc\p18f45k80.asm
                   ADCON2   0x000fc0       data     extern E:\3.46\pic18-lt\cxx-framework\src\extended\proc\p18f45k80.asm
               ADCON1bits   0x000fc1       data     extern E:\3.46\pic18-lt\cxx-framework\src\extended\proc\p18f45k80.asm
                   ADCON1   0x000fc1       data     extern E:\3.46\pic18-lt\cxx-framework\src\extended\proc\p18f45k80.asm
                   ADCON0   0x000fc2       data     extern E:\3.46\pic18-lt\cxx-framework\src\extended\proc\p18f45k80.asm
               ADCON0bits   0x000fc2       data     extern E:\3.46\pic18-lt\cxx-framework\src\extended\proc\p18f45k80.asm
                    ADRES   0x000fc3       data     extern E:\3.46\pic18-lt\cxx-framework\src\extended\proc\p18f45k80.asm
                   ADRESL   0x000fc3       data     extern E:\3.46\pic18-lt\cxx-framework\src\extended\proc\p18f45k80.asm
                   ADRESH   0x000fc4       data     extern E:\3.46\pic18-lt\cxx-framework\src\extended\proc\p18f45k80.asm
                  SSPCON2   0x000fc5       data     extern E:\3.46\pic18-lt\cxx-framework\src\extended\proc\p18f45k80.asm
              SSPCON2bits   0x000fc5       data     extern E:\3.46\pic18-lt\cxx-framework\src\extended\proc\p18f45k80.asm
                  SSPCON1   0x000fc6       data     extern E:\3.46\pic18-lt\cxx-framework\src\extended\proc\p18f45k80.asm
              SSPCON1bits   0x000fc6       data     extern E:\3.46\pic18-lt\cxx-framework\src\extended\proc\p18f45k80.asm
              SSPSTATbits   0x000fc7       data     extern E:\3.46\pic18-lt\cxx-framework\src\extended\proc\p18f45k80.asm
                  SSPSTAT   0x000fc7       data     extern E:\3.46\pic18-lt\cxx-framework\src\extended\proc\p18f45k80.asm
                   SSPADD   0x000fc8       data     extern E:\3.46\pic18-lt\cxx-framework\src\extended\proc\p18f45k80.asm
               SSPADDbits   0x000fc8       data     extern E:\3.46\pic18-lt\cxx-framework\src\extended\proc\p18f45k80.asm
                   SSPBUF   0x000fc9       data     extern E:\3.46\pic18-lt\cxx-framework\src\extended\proc\p18f45k80.asm
                    T2CON   0x000fca       data     extern E:\3.46\pic18-lt\cxx-framework\src\extended\proc\p18f45k80.asm
                T2CONbits   0x000fca       data     extern E:\3.46\pic18-lt\cxx-framework\src\extended\proc\p18f45k80.asm
                      PR2   0x000fcb       data     extern E:\3.46\pic18-lt\cxx-framework\src\extended\proc\p18f45k80.asm
                     TMR2   0x000fcc       data     extern E:\3.46\pic18-lt\cxx-framework\src\extended\proc\p18f45k80.asm
                T1CONbits   0x000fcd       data     extern E:\3.46\pic18-lt\cxx-framework\src\extended\proc\p18f45k80.asm
                    T1CON   0x000fcd       data     extern E:\3.46\pic18-lt\cxx-framework\src\extended\proc\p18f45k80.asm
                    TMR1L   0x000fce       data     extern E:\3.46\pic18-lt\cxx-framework\src\extended\proc\p18f45k80.asm
                    TMR1H   0x000fcf       data     extern E:\3.46\pic18-lt\cxx-framework\src\extended\proc\p18f45k80.asm
                     RCON   0x000fd0       data     extern E:\3.46\pic18-lt\cxx-framework\src\extended\proc\p18f45k80.asm
                 RCONbits   0x000fd0       data     extern E:\3.46\pic18-lt\cxx-framework\src\extended\proc\p18f45k80.asm
               WDTCONbits   0x000fd1       data     extern E:\3.46\pic18-lt\cxx-framework\src\extended\proc\p18f45k80.asm
                   WDTCON   0x000fd1       data     extern E:\3.46\pic18-lt\cxx-framework\src\extended\proc\p18f45k80.asm
              OSCCON2bits   0x000fd2       data     extern E:\3.46\pic18-lt\cxx-framework\src\extended\proc\p18f45k80.asm
                  OSCCON2   0x000fd2       data     extern E:\3.46\pic18-lt\cxx-framework\src\extended\proc\p18f45k80.asm
               OSCCONbits   0x000fd3       data     extern E:\3.46\pic18-lt\cxx-framework\src\extended\proc\p18f45k80.asm
                   OSCCON   0x000fd3       data     extern E:\3.46\pic18-lt\cxx-framework\src\extended\proc\p18f45k80.asm
                    T0CON   0x000fd5       data     extern E:\3.46\pic18-lt\cxx-framework\src\extended\proc\p18f45k80.asm
                T0CONbits   0x000fd5       data     extern E:\3.46\pic18-lt\cxx-framework\src\extended\proc\p18f45k80.asm
                    TMR0L   0x000fd6       data     extern E:\3.46\pic18-lt\cxx-framework\src\extended\proc\p18f45k80.asm
                    TMR0H   0x000fd7       data     extern E:\3.46\pic18-lt\cxx-framework\src\extended\proc\p18f45k80.asm
               STATUSbits   0x000fd8       data     extern E:\3.46\pic18-lt\cxx-framework\src\extended\proc\p18f45k80.asm
                   STATUS   0x000fd8       data     extern E:\3.46\pic18-lt\cxx-framework\src\extended\proc\p18f45k80.asm
                     FSR2   0x000fd9       data     extern E:\3.46\pic18-lt\cxx-framework\src\extended\proc\p18f45k80.asm
                    FSR2L   0x000fd9       data     extern E:\3.46\pic18-lt\cxx-framework\src\extended\proc\p18f45k80.asm
                    FSR2H   0x000fda       data     extern E:\3.46\pic18-lt\cxx-framework\src\extended\proc\p18f45k80.asm
                FSR2Hbits   0x000fda       data     extern E:\3.46\pic18-lt\cxx-framework\src\extended\proc\p18f45k80.asm
                   PLUSW2   0x000fdb       data     extern E:\3.46\pic18-lt\cxx-framework\src\extended\proc\p18f45k80.asm
                  PREINC2   0x000fdc       data     extern E:\3.46\pic18-lt\cxx-framework\src\extended\proc\p18f45k80.asm
                 POSTDEC2   0x000fdd       data     extern E:\3.46\pic18-lt\cxx-framework\src\extended\proc\p18f45k80.asm
                 POSTINC2   0x000fde       data     extern E:\3.46\pic18-lt\cxx-framework\src\extended\proc\p18f45k80.asm
                    INDF2   0x000fdf       data     extern E:\3.46\pic18-lt\cxx-framework\src\extended\proc\p18f45k80.asm
                      BSR   0x000fe0       data     extern E:\3.46\pic18-lt\cxx-framework\src\extended\proc\p18f45k80.asm
                  BSRbits   0x000fe0       data     extern E:\3.46\pic18-lt\cxx-framework\src\extended\proc\p18f45k80.asm
                    FSR1L   0x000fe1       data     extern E:\3.46\pic18-lt\cxx-framework\src\extended\proc\p18f45k80.asm
                     FSR1   0x000fe1       data     extern E:\3.46\pic18-lt\cxx-framework\src\extended\proc\p18f45k80.asm
                FSR1Hbits   0x000fe2       data     extern E:\3.46\pic18-lt\cxx-framework\src\extended\proc\p18f45k80.asm
                    FSR1H   0x000fe2       data     extern E:\3.46\pic18-lt\cxx-framework\src\extended\proc\p18f45k80.asm
                   PLUSW1   0x000fe3       data     extern E:\3.46\pic18-lt\cxx-framework\src\extended\proc\p18f45k80.asm
                  PREINC1   0x000fe4       data     extern E:\3.46\pic18-lt\cxx-framework\src\extended\proc\p18f45k80.asm
                 POSTDEC1   0x000fe5       data     extern E:\3.46\pic18-lt\cxx-framework\src\extended\proc\p18f45k80.asm
                 POSTINC1   0x000fe6       data     extern E:\3.46\pic18-lt\cxx-framework\src\extended\proc\p18f45k80.asm
                    INDF1   0x000fe7       data     extern E:\3.46\pic18-lt\cxx-framework\src\extended\proc\p18f45k80.asm
                     WREG   0x000fe8       data     extern E:\3.46\pic18-lt\cxx-framework\src\extended\proc\p18f45k80.asm
                     FSR0   0x000fe9       data     extern E:\3.46\pic18-lt\cxx-framework\src\extended\proc\p18f45k80.asm
                    FSR0L   0x000fe9       data     extern E:\3.46\pic18-lt\cxx-framework\src\extended\proc\p18f45k80.asm
                FSR0Hbits   0x000fea       data     extern E:\3.46\pic18-lt\cxx-framework\src\extended\proc\p18f45k80.asm
                    FSR0H   0x000fea       data     extern E:\3.46\pic18-lt\cxx-framework\src\extended\proc\p18f45k80.asm
                   PLUSW0   0x000feb       data     extern E:\3.46\pic18-lt\cxx-framework\src\extended\proc\p18f45k80.asm
                  PREINC0   0x000fec       data     extern E:\3.46\pic18-lt\cxx-framework\src\extended\proc\p18f45k80.asm
                 POSTDEC0   0x000fed       data     extern E:\3.46\pic18-lt\cxx-framework\src\extended\proc\p18f45k80.asm
                 POSTINC0   0x000fee       data     extern E:\3.46\pic18-lt\cxx-framework\src\extended\proc\p18f45k80.asm
                    INDF0   0x000fef       data     extern E:\3.46\pic18-lt\cxx-framework\src\extended\proc\p18f45k80.asm
              INTCON3bits   0x000ff0       data     extern E:\3.46\pic18-lt\cxx-framework\src\extended\proc\p18f45k80.asm
                  INTCON3   0x000ff0       data     extern E:\3.46\pic18-lt\cxx-framework\src\extended\proc\p18f45k80.asm
              INTCON2bits   0x000ff1       data     extern E:\3.46\pic18-lt\cxx-framework\src\extended\proc\p18f45k80.asm
                  INTCON2   0x000ff1       data     extern E:\3.46\pic18-lt\cxx-framework\src\extended\proc\p18f45k80.asm
                   INTCON   0x000ff2       data     extern E:\3.46\pic18-lt\cxx-framework\src\extended\proc\p18f45k80.asm
                  INTCON1   0x000ff2       data     extern E:\3.46\pic18-lt\cxx-framework\src\extended\proc\p18f45k80.asm
              INTCON1bits   0x000ff2       data     extern E:\3.46\pic18-lt\cxx-framework\src\extended\proc\p18f45k80.asm
               INTCONbits   0x000ff2       data     extern E:\3.46\pic18-lt\cxx-framework\src\extended\proc\p18f45k80.asm
                     PROD   0x000ff3       data     extern E:\3.46\pic18-lt\cxx-framework\src\extended\proc\p18f45k80.asm
                    PRODL   0x000ff3       data     extern E:\3.46\pic18-lt\cxx-framework\src\extended\proc\p18f45k80.asm
                    PRODH   0x000ff4       data     extern E:\3.46\pic18-lt\cxx-framework\src\extended\proc\p18f45k80.asm
                   TABLAT   0x000ff5       data     extern E:\3.46\pic18-lt\cxx-framework\src\extended\proc\p18f45k80.asm
                  TBLPTRL   0x000ff6       data     extern E:\3.46\pic18-lt\cxx-framework\src\extended\proc\p18f45k80.asm
                   TBLPTR   0x000ff6       data     extern E:\3.46\pic18-lt\cxx-framework\src\extended\proc\p18f45k80.asm
                  TBLPTRH   0x000ff7       data     extern E:\3.46\pic18-lt\cxx-framework\src\extended\proc\p18f45k80.asm
                  TBLPTRU   0x000ff8       data     extern E:\3.46\pic18-lt\cxx-framework\src\extended\proc\p18f45k80.asm
              TBLPTRUbits   0x000ff8       data     extern E:\3.46\pic18-lt\cxx-framework\src\extended\proc\p18f45k80.asm
                       PC   0x000ff9       data     extern E:\3.46\pic18-lt\cxx-framework\src\extended\proc\p18f45k80.asm
                      PCL   0x000ff9       data     extern E:\3.46\pic18-lt\cxx-framework\src\extended\proc\p18f45k80.asm
                   PCLATH   0x000ffa       data     extern E:\3.46\pic18-lt\cxx-framework\src\extended\proc\p18f45k80.asm
                   PCLATU   0x000ffb       data     extern E:\3.46\pic18-lt\cxx-framework\src\extended\proc\p18f45k80.asm
               PCLATUbits   0x000ffb       data     extern E:\3.46\pic18-lt\cxx-framework\src\extended\proc\p18f45k80.asm
                   STKPTR   0x000ffc       data     extern E:\3.46\pic18-lt\cxx-framework\src\extended\proc\p18f45k80.asm
               STKPTRbits   0x000ffc       data     extern E:\3.46\pic18-lt\cxx-framework\src\extended\proc\p18f45k80.asm
                      TOS   0x000ffd       data     extern E:\3.46\pic18-lt\cxx-framework\src\extended\proc\p18f45k80.asm
                     TOSL   0x000ffd       data     extern E:\3.46\pic18-lt\cxx-framework\src\extended\proc\p18f45k80.asm
                     TOSH   0x000ffe       data     extern E:\3.46\pic18-lt\cxx-framework\src\extended\proc\p18f45k80.asm
                     TOSU   0x000fff       data     extern E:\3.46\pic18-lt\cxx-framework\src\extended\proc\p18f45k80.asm
                 TOSUbits   0x000fff       data     extern E:\3.46\pic18-lt\cxx-framework\src\extended\proc\p18f45k80.asm


